Archive member included to satisfy reference by file (symbol)

/private/var/folders/ys/266z1htd6gj7gpm3cddk701w0000gn/T/arduino/sketches/F205E9BE506178DF0A087700FD05ECC8/../../cores/d8bf4c0a4a6e31655c884155edd82e8b/core.a(Print.cpp.o)
                              /private/var/folders/ys/266z1htd6gj7gpm3cddk701w0000gn/T/arduino/sketches/F205E9BE506178DF0A087700FD05ECC8/sketch/PregnantLaserMouse.ino.cpp.o (Print::print(char const*))
/private/var/folders/ys/266z1htd6gj7gpm3cddk701w0000gn/T/arduino/sketches/F205E9BE506178DF0A087700FD05ECC8/../../cores/d8bf4c0a4a6e31655c884155edd82e8b/core.a(Retarget.cpp.o)
                              (__wrap__write)
/private/var/folders/ys/266z1htd6gj7gpm3cddk701w0000gn/T/arduino/sketches/F205E9BE506178DF0A087700FD05ECC8/../../cores/d8bf4c0a4a6e31655c884155edd82e8b/core.a(SERCOM.cpp.o)
                              /private/var/folders/ys/266z1htd6gj7gpm3cddk701w0000gn/T/arduino/sketches/F205E9BE506178DF0A087700FD05ECC8/core/variant.cpp.o (SERCOM::SERCOM(Sercom*))
/private/var/folders/ys/266z1htd6gj7gpm3cddk701w0000gn/T/arduino/sketches/F205E9BE506178DF0A087700FD05ECC8/../../cores/d8bf4c0a4a6e31655c884155edd82e8b/core.a(CDC.cpp.o)
                              /private/var/folders/ys/266z1htd6gj7gpm3cddk701w0000gn/T/arduino/sketches/F205E9BE506178DF0A087700FD05ECC8/sketch/PregnantLaserMouse.ino.cpp.o (Serial_::begin(unsigned long))
/private/var/folders/ys/266z1htd6gj7gpm3cddk701w0000gn/T/arduino/sketches/F205E9BE506178DF0A087700FD05ECC8/../../cores/d8bf4c0a4a6e31655c884155edd82e8b/core.a(USBCore.cpp.o)
                              /private/var/folders/ys/266z1htd6gj7gpm3cddk701w0000gn/T/arduino/sketches/F205E9BE506178DF0A087700FD05ECC8/../../cores/d8bf4c0a4a6e31655c884155edd82e8b/core.a(CDC.cpp.o) (USBDeviceClass::clear(unsigned long))
/private/var/folders/ys/266z1htd6gj7gpm3cddk701w0000gn/T/arduino/sketches/F205E9BE506178DF0A087700FD05ECC8/../../cores/d8bf4c0a4a6e31655c884155edd82e8b/core.a(Uart.cpp.o)
                              /private/var/folders/ys/266z1htd6gj7gpm3cddk701w0000gn/T/arduino/sketches/F205E9BE506178DF0A087700FD05ECC8/core/variant.cpp.o (Uart::Uart(SERCOM*, unsigned char, unsigned char, SercomRXPad, SercomUartTXPad))
/private/var/folders/ys/266z1htd6gj7gpm3cddk701w0000gn/T/arduino/sketches/F205E9BE506178DF0A087700FD05ECC8/../../cores/d8bf4c0a4a6e31655c884155edd82e8b/core.a(abi.cpp.o)
                              /private/var/folders/ys/266z1htd6gj7gpm3cddk701w0000gn/T/arduino/sketches/F205E9BE506178DF0A087700FD05ECC8/../../cores/d8bf4c0a4a6e31655c884155edd82e8b/core.a(Print.cpp.o) (__cxa_pure_virtual)
/private/var/folders/ys/266z1htd6gj7gpm3cddk701w0000gn/T/arduino/sketches/F205E9BE506178DF0A087700FD05ECC8/../../cores/d8bf4c0a4a6e31655c884155edd82e8b/core.a(cortex_handlers.c.o)
                              (Reset_Handler)
/private/var/folders/ys/266z1htd6gj7gpm3cddk701w0000gn/T/arduino/sketches/F205E9BE506178DF0A087700FD05ECC8/../../cores/d8bf4c0a4a6e31655c884155edd82e8b/core.a(delay.c.o)
                              /private/var/folders/ys/266z1htd6gj7gpm3cddk701w0000gn/T/arduino/sketches/F205E9BE506178DF0A087700FD05ECC8/../../cores/d8bf4c0a4a6e31655c884155edd82e8b/core.a(CDC.cpp.o) (millis)
/private/var/folders/ys/266z1htd6gj7gpm3cddk701w0000gn/T/arduino/sketches/F205E9BE506178DF0A087700FD05ECC8/../../cores/d8bf4c0a4a6e31655c884155edd82e8b/core.a(hooks.c.o)
                              /private/var/folders/ys/266z1htd6gj7gpm3cddk701w0000gn/T/arduino/sketches/F205E9BE506178DF0A087700FD05ECC8/../../cores/d8bf4c0a4a6e31655c884155edd82e8b/core.a(delay.c.o) (yield)
/private/var/folders/ys/266z1htd6gj7gpm3cddk701w0000gn/T/arduino/sketches/F205E9BE506178DF0A087700FD05ECC8/../../cores/d8bf4c0a4a6e31655c884155edd82e8b/core.a(main.cpp.o)
                              /Users/christopher/Library/Arduino15/packages/Seeeduino/tools/arm-none-eabi-gcc/7-2017q4/bin/../lib/gcc/arm-none-eabi/7.2.1/../../../../arm-none-eabi/lib/thumb/v6-m/crt0.o (main)
/private/var/folders/ys/266z1htd6gj7gpm3cddk701w0000gn/T/arduino/sketches/F205E9BE506178DF0A087700FD05ECC8/../../cores/d8bf4c0a4a6e31655c884155edd82e8b/core.a(new.cpp.o)
                              /private/var/folders/ys/266z1htd6gj7gpm3cddk701w0000gn/T/arduino/sketches/F205E9BE506178DF0A087700FD05ECC8/../../cores/d8bf4c0a4a6e31655c884155edd82e8b/core.a(USBCore.cpp.o) (operator new(unsigned int))
/private/var/folders/ys/266z1htd6gj7gpm3cddk701w0000gn/T/arduino/sketches/F205E9BE506178DF0A087700FD05ECC8/../../cores/d8bf4c0a4a6e31655c884155edd82e8b/core.a(startup.c.o)
                              /private/var/folders/ys/266z1htd6gj7gpm3cddk701w0000gn/T/arduino/sketches/F205E9BE506178DF0A087700FD05ECC8/../../cores/d8bf4c0a4a6e31655c884155edd82e8b/core.a(cortex_handlers.c.o) (SystemInit)
/private/var/folders/ys/266z1htd6gj7gpm3cddk701w0000gn/T/arduino/sketches/F205E9BE506178DF0A087700FD05ECC8/../../cores/d8bf4c0a4a6e31655c884155edd82e8b/core.a(wiring.c.o)
[...]
Memory Configuration

Name             Origin             Length             Attributes
FLASH            0x0000000000002000 0x000000000003e000 xr
RAM              0x0000000020000000 0x0000000000008000 xrw
*default*        0x0000000000000000 0xffffffffffffffff

Linker script and memory map

LOAD /Users/christopher/Library/Arduino15/packages/Seeeduino/tools/arm-none-eabi-gcc/7-2017q4/bin/../lib/gcc/arm-none-eabi/7.2.1/thumb/v6-m/crti.o
LOAD /Users/christopher/Library/Arduino15/packages/Seeeduino/tools/arm-none-eabi-gcc/7-2017q4/bin/../lib/gcc/arm-none-eabi/7.2.1/thumb/v6-m/crtbegin.o
LOAD /Users/christopher/Library/Arduino15/packages/Seeeduino/tools/arm-none-eabi-gcc/7-2017q4/bin/../lib/gcc/arm-none-eabi/7.2.1/../../../../arm-none-eabi/lib/thumb/v6-m/crt0.o
LOAD /private/var/folders/ys/266z1htd6gj7gpm3cddk701w0000gn/T/arduino/sketches/F205E9BE506178DF0A087700FD05ECC8/sketch/PregnantLaserMouse.ino.cpp.o
LOAD /private/var/folders/ys/266z1htd6gj7gpm3cddk701w0000gn/T/arduino/sketches/F205E9BE506178DF0A087700FD05ECC8/libraries/SPI/SPI.cpp.o
LOAD /private/var/folders/ys/266z1htd6gj7gpm3cddk701w0000gn/T/arduino/sketches/F205E9BE506178DF0A087700FD05ECC8/libraries/Adafruit_ZeroDMA/Adafruit_ZeroDMA.cpp.o
LOAD /private/var/folders/ys/266z1htd6gj7gpm3cddk701w0000gn/T/arduino/sketches/F205E9BE506178DF0A087700FD05ECC8/core/variant.cpp.o
START GROUP
LOAD /Users/christopher/Library/Arduino15/packages/Seeeduino/tools/CMSIS/5.7.0/CMSIS/DSP/Lib/GCC//libarm_cortexM0l_math.a
LOAD /Users/christopher/Library/Arduino15/packages/Seeeduino/tools/arm-none-eabi-gcc/7-2017q4/bin/../lib/gcc/arm-none-eabi/7.2.1/../../../../arm-none-eabi/lib/thumb/v6-m/libm.a
LOAD /private/var/folders/ys/266z1htd6gj7gpm3cddk701w0000gn/T/arduino/sketches/F205E9BE506178DF0A087700FD05ECC8/../../cores/d8bf4c0a4a6e31655c884155edd82e8b/core.a
END GROUP
LOAD /Users/christopher/Library/Arduino15/packages/Seeeduino/tools/arm-none-eabi-gcc/7-2017q4/bin/../lib/gcc/arm-none-eabi/7.2.1/../../../../arm-none-eabi/lib/thumb/v6-m/libstdc++_nano.a
LOAD /Users/christopher/Library/Arduino15/packages/Seeeduino/tools/arm-none-eabi-gcc/7-2017q4/bin/../lib/gcc/arm-none-eabi/7.2.1/../../../../arm-none-eabi/lib/thumb/v6-m/libm.a
START GROUP
LOAD /Users/christopher/Library/Arduino15/packages/Seeeduino/tools/arm-none-eabi-gcc/7-2017q4/bin/../lib/gcc/arm-none-eabi/7.2.1/thumb/v6-m/libgcc.a
LOAD /Users/christopher/Library/Arduino15/packages/Seeeduino/tools/arm-none-eabi-gcc/7-2017q4/bin/../lib/gcc/arm-none-eabi/7.2.1/../../../../arm-none-eabi/lib/thumb/v6-m/libc_nano.a
END GROUP
START GROUP
LOAD /Users/christopher/Library/Arduino15/packages/Seeeduino/tools/arm-none-eabi-gcc/7-2017q4/bin/../lib/gcc/arm-none-eabi/7.2.1/thumb/v6-m/libgcc.a
LOAD /Users/christopher/Library/Arduino15/packages/Seeeduino/tools/arm-none-eabi-gcc/7-2017q4/bin/../lib/gcc/arm-none-eabi/7.2.1/../../../../arm-none-eabi/lib/thumb/v6-m/libc_nano.a
LOAD /Users/christopher/Library/Arduino15/packages/Seeeduino/tools/arm-none-eabi-gcc/7-2017q4/bin/../lib/gcc/arm-none-eabi/7.2.1/../../../../arm-none-eabi/lib/thumb/v6-m/libnosys.a
END GROUP
START GROUP
LOAD /Users/christopher/Library/Arduino15/packages/Seeeduino/tools/arm-none-eabi-gcc/7-2017q4/bin/../lib/gcc/arm-none-eabi/7.2.1/thumb/v6-m/libgcc.a
LOAD /Users/christopher/Library/Arduino15/packages/Seeeduino/tools/arm-none-eabi-gcc/7-2017q4/bin/../lib/gcc/arm-none-eabi/7.2.1/../../../../arm-none-eabi/lib/thumb/v6-m/libc_nano.a
LOAD /Users/christopher/Library/Arduino15/packages/Seeeduino/tools/arm-none-eabi-gcc/7-2017q4/bin/../lib/gcc/arm-none-eabi/7.2.1/../../../../arm-none-eabi/lib/thumb/v6-m/libnosys.a
END GROUP
LOAD /Users/christopher/Library/Arduino15/packages/Seeeduino/tools/arm-none-eabi-gcc/7-2017q4/bin/../lib/gcc/arm-none-eabi/7.2.1/thumb/v6-m/crtend.o
LOAD /Users/christopher/Library/Arduino15/packages/Seeeduino/tools/arm-none-eabi-gcc/7-2017q4/bin/../lib/gcc/arm-none-eabi/7.2.1/thumb/v6-m/crtn.o

.text           0x0000000000002000     0xa7fc
                0x0000000000002000                __text_start__ = .
 *(.isr_vector)
 .isr_vector    0x0000000000002000       0xb4 /private/var/folders/ys/266z1htd6gj7gpm3cddk701w0000gn/T/arduino/sketches/F205E9BE506178DF0A087700FD05ECC8/../../cores/d8bf4c0a4a6e31655c884155edd82e8b/core.a(cortex_handlers.c.o)
                0x0000000000002000                exception_table
 *(.text*)
 .text          0x00000000000020b4       0x48 /Users/christopher/Library/Arduino15/packages/Seeeduino/tools/arm-none-eabi-gcc/7-2017q4/bin/../lib/gcc/arm-none-eabi/7.2.1/thumb/v6-m/crtbegin.o
 .text._Z8setupSPIv
                0x00000000000020fc       0x50 /private/var/folders/ys/266z1htd6gj7gpm3cddk701w0000gn/T/arduino/sketches/F205E9BE506178DF0A087700FD05ECC8/sketch/PregnantLaserMouse.ino.cpp.o
                0x00000000000020fc                setupSPI()
 .text._Z15setupQuadraturev
                0x000000000000214c       0x54 /private/var/folders/ys/266z1htd6gj7gpm3cddk701w0000gn/T/arduino/sketches/F205E9BE506178DF0A087700FD05ECC8/sketch/PregnantLaserMouse.ino.cpp.o
                0x000000000000214c                setupQuadrature()
 .text._Z6pulseXi
                0x00000000000021a0       0x24 /private/var/folders/ys/266z1htd6gj7gpm3cddk701w0000gn/T/arduino/sketches/F205E9BE506178DF0A087700FD05ECC8/sketch/PregnantLaserMouse.ino.cpp.o
                0x00000000000021a0                pulseX(int)
 .text._Z6pulseYi
                0x00000000000021c4       0x24 /private/var/folders/ys/266z1htd6gj7gpm3cddk701w0000gn/T/arduino/sketches/F205E9BE506178DF0A087700FD05ECC8/sketch/PregnantLaserMouse.ino.cpp.o
                0x00000000000021c4                pulseY(int)
 .text._Z12convTwosCompi
                0x00000000000021e8       0x10 /private/var/folders/ys/266z1htd6gj7gpm3cddk701w0000gn/T/arduino/sketches/F205E9BE506178DF0A087700FD05ECC8/sketch/PregnantLaserMouse.ino.cpp.o
                0x00000000000021e8                convTwosComp(int)
 .text._Z3doXv  0x00000000000021f8       0x24 /private/var/folders/ys/266z1htd6gj7gpm3cddk701w0000gn/T/arduino/sketches/F205E9BE506178DF0A087700FD05ECC8/sketch/PregnantLaserMouse.ino.cpp.o
                0x00000000000021f8                doX()
 .text._Z3doYv  0x000000000000221c       0x24 /private/var/folders/ys/266z1htd6gj7gpm3cddk701w0000gn/T/arduino/sketches/F205E9BE506178DF0A087700FD05ECC8/sketch/PregnantLaserMouse.ino.cpp.o
                0x000000000000221c                doY()
 .text._Z14adns_com_beginv
                0x0000000000002240        0xc /private/var/folders/ys/266z1htd6gj7gpm3cddk701w0000gn/T/arduino/sketches/F205E9BE506178DF0A087700FD05ECC8/sketch/PregnantLaserMouse.ino.cpp.o
                0x0000000000002240                adns_com_begin()
 .text._Z12adns_com_endv
                0x000000000000224c        0xc /private/var/folders/ys/266z1htd6gj7gpm3cddk701w0000gn/T/arduino/sketches/F205E9BE506178DF0A087700FD05ECC8/sketch/PregnantLaserMouse.ino.cpp.o
                0x000000000000224c                adns_com_end()
 .text._Z13adns_read_regh
                0x0000000000002258       0x40 /private/var/folders/ys/266z1htd6gj7gpm3cddk701w0000gn/T/arduino/sketches/F205E9BE506178DF0A087700FD05ECC8/sketch/PregnantLaserMouse.ino.cpp.o
                0x0000000000002258                adns_read_reg(unsigned char)
 .text._Z14adns_write_reghh
                0x0000000000002298       0x38 /private/var/folders/ys/266z1htd6gj7gpm3cddk701w0000gn/T/arduino/sketches/F205E9BE506178DF0A087700FD05ECC8/sketch/PregnantLaserMouse.ino.cpp.o
                0x0000000000002298                adns_write_reg(unsigned char, unsigned char)
 .text._Z13dispRegistersv
                0x00000000000022d0       0xa8 /private/var/folders/ys/266z1htd6gj7gpm3cddk701w0000gn/T/arduino/sketches/F205E9BE506178DF0A087700FD05ECC8/sketch/PregnantLaserMouse.ino.cpp.o
                0x00000000000022d0                dispRegisters()
 .text._Z20adns_upload_firmwarev
                0x0000000000002378       0xd0 /private/var/folders/ys/266z1htd6gj7gpm3cddk701w0000gn/T/arduino/sketches/F205E9BE506178DF0A087700FD05ECC8/sketch/PregnantLaserMouse.ino.cpp.o
                0x0000000000002378                adns_upload_firmware()
 .text._Z9setupADNSv
                0x0000000000002448       0x74 /private/var/folders/ys/266z1htd6gj7gpm3cddk701w0000gn/T/arduino/sketches/F205E9BE506178DF0A087700FD05ECC8/sketch/PregnantLaserMouse.ino.cpp.o
                0x0000000000002448                setupADNS()
 .text.setup    0x00000000000024bc       0x2c /private/var/folders/ys/266z1htd6gj7gpm3cddk701w0000gn/T/arduino/sketches/F205E9BE506178DF0A087700FD05ECC8/sketch/PregnantLaserMouse.ino.cpp.o
                0x00000000000024bc                setup
 .text._Z8readADNSv
                0x00000000000024e8       0x44 /private/var/folders/ys/266z1htd6gj7gpm3cddk701w0000gn/T/arduino/sketches/F205E9BE506178DF0A087700FD05ECC8/sketch/PregnantLaserMouse.ino.cpp.o
                0x00000000000024e8                readADNS()
 .text._Z5pulseii
                0x000000000000252c       0x90 /private/var/folders/ys/266z1htd6gj7gpm3cddk701w0000gn/T/arduino/sketches/F205E9BE506178DF0A087700FD05ECC8/sketch/PregnantLaserMouse.ino.cpp.o
                0x000000000000252c                pulse(int, int)
 .text._Z10readMotionv
                0x00000000000025bc       0x20 /private/var/folders/ys/266z1htd6gj7gpm3cddk701w0000gn/T/arduino/sketches/F205E9BE506178DF0A087700FD05ECC8/sketch/PregnantLaserMouse.ino.cpp.o
                0x00000000000025bc                readMotion()
 .text.loop     0x00000000000025dc        0x8 /private/var/folders/ys/266z1htd6gj7gpm3cddk701w0000gn/T/arduino/sketches/F205E9BE506178DF0A087700FD05ECC8/sketch/PregnantLaserMouse.ino.cpp.o
                0x00000000000025dc                loop
 .text._ZN8SPIClassC2EP6SERCOMhhh14SercomSpiTXPad11SercomRXPad
                0x00000000000025e4       0x74 /private/var/folders/ys/266z1htd6gj7gpm3cddk701w0000gn/T/arduino/sketches/F205E9BE506178DF0A087700FD05ECC8/libraries/SPI/SPI.cpp.o
                0x00000000000025e4                SPIClass::SPIClass(SERCOM*, unsigned char, unsigned char, unsigned char, SercomSpiTXPad, SercomRXPad)
                0x00000000000025e4                SPIClass::SPIClass(SERCOM*, unsigned char, unsigned char, unsigned char, SercomSpiTXPad, SercomRXPad)
 .text._ZN8SPIClass4initEv
                0x0000000000002658       0x12 /private/var/folders/ys/266z1htd6gj7gpm3cddk701w0000gn/T/arduino/sketches/F205E9BE506178DF0A087700FD05ECC8/libraries/SPI/SPI.cpp.o
                0x0000000000002658                SPIClass::init()
 .text._ZN8SPIClass6configE11SPISettings
                0x000000000000266a       0x36 /private/var/folders/ys/266z1htd6gj7gpm3cddk701w0000gn/T/arduino/sketches/F205E9BE506178DF0A087700FD05ECC8/libraries/SPI/SPI.cpp.o
                0x000000000000266a                SPIClass::config(SPISettings)
 .text._ZN8SPIClass5beginEv
                0x00000000000026a0       0x50 /private/var/folders/ys/266z1htd6gj7gpm3cddk701w0000gn/T/arduino/sketches/F205E9BE506178DF0A087700FD05ECC8/libraries/SPI/SPI.cpp.o
                0x00000000000026a0                SPIClass::begin()
 .text._ZN8SPIClass11setBitOrderE8BitOrder
                0x00000000000026f0       0x14 /private/var/folders/ys/266z1htd6gj7gpm3cddk701w0000gn/T/arduino/sketches/F205E9BE506178DF0A087700FD05ECC8/libraries/SPI/SPI.cpp.o
                0x00000000000026f0                SPIClass::setBitOrder(BitOrder)
 .text._ZN8SPIClass11setDataModeEh
                0x0000000000002704       0x28 /private/var/folders/ys/266z1htd6gj7gpm3cddk701w0000gn/T/arduino/sketches/F205E9BE506178DF0A087700FD05ECC8/libraries/SPI/SPI.cpp.o
                0x0000000000002704                SPIClass::setDataMode(unsigned char)
 .text._ZN8SPIClass15setClockDividerEh
                0x000000000000272c       0x10 /private/var/folders/ys/266z1htd6gj7gpm3cddk701w0000gn/T/arduino/sketches/F205E9BE506178DF0A087700FD05ECC8/libraries/SPI/SPI.cpp.o
                0x000000000000272c                SPIClass::setClockDivider(unsigned char)
 .text._ZN8SPIClass8transferEh
                0x000000000000273c        0xa /private/var/folders/ys/266z1htd6gj7gpm3cddk701w0000gn/T/arduino/sketches/F205E9BE506178DF0A087700FD05ECC8/libraries/SPI/SPI.cpp.o
                0x000000000000273c                SPIClass::transfer(unsigned char)
 *fill*         0x0000000000002746        0x2 
 .text.startup._GLOBAL__sub_I__ZN8SPIClassC2EP6SERCOMhhh14SercomSpiTXPad11SercomRXPad
                0x0000000000002748       0x38 /private/var/folders/ys/266z1htd6gj7gpm3cddk701w0000gn/T/arduino/sketches/F205E9BE506178DF0A087700FD05ECC8/libraries/SPI/SPI.cpp.o
 .text._ZL22cpu_irq_enter_criticalv
                0x0000000000002780       0x30 /private/var/folders/ys/266z1htd6gj7gpm3cddk701w0000gn/T/arduino/sketches/F205E9BE506178DF0A087700FD05ECC8/libraries/Adafruit_ZeroDMA/Adafruit_ZeroDMA.cpp.o
 .text._ZL22cpu_irq_leave_criticalv
                0x00000000000027b0       0x2c /private/var/folders/ys/266z1htd6gj7gpm3cddk701w0000gn/T/arduino/sketches/F205E9BE506178DF0A087700FD05ECC8/libraries/Adafruit_ZeroDMA/Adafruit_ZeroDMA.cpp.o
 .text._ZN16Adafruit_ZeroDMAC2Ev
                0x00000000000027dc       0x22 /private/var/folders/ys/266z1htd6gj7gpm3cddk701w0000gn/T/arduino/sketches/F205E9BE506178DF0A087700FD05ECC8/libraries/Adafruit_ZeroDMA/Adafruit_ZeroDMA.cpp.o
                0x00000000000027dc                Adafruit_ZeroDMA::Adafruit_ZeroDMA()
                0x00000000000027dc                Adafruit_ZeroDMA::Adafruit_ZeroDMA()
 *fill*         0x00000000000027fe        0x2 
 .text._ZN16Adafruit_ZeroDMA11_IRQhandlerEh
                0x0000000000002800       0x44 /private/var/folders/ys/266z1htd6gj7gpm3cddk701w0000gn/T/arduino/sketches/F205E9BE506178DF0A087700FD05ECC8/libraries/Adafruit_ZeroDMA/Adafruit_ZeroDMA.cpp.o
                0x0000000000002800                Adafruit_ZeroDMA::_IRQhandler(unsigned char)
 .text.DMAC_Handler
                0x0000000000002844       0x48 /private/var/folders/ys/266z1htd6gj7gpm3cddk701w0000gn/T/arduino/sketches/F205E9BE506178DF0A087700FD05ECC8/libraries/Adafruit_ZeroDMA/Adafruit_ZeroDMA.cpp.o
                0x0000000000002844                DMAC_Handler
 .text.SERCOM4_Handler
                0x000000000000288c       0x10 /private/var/folders/ys/266z1htd6gj7gpm3cddk701w0000gn/T/arduino/sketches/F205E9BE506178DF0A087700FD05ECC8/core/variant.cpp.o
                0x000000000000288c                SERCOM4_Handler
 .text.startup._GLOBAL__sub_I_g_APinDescription
                0x000000000000289c       0x80 /private/var/folders/ys/266z1htd6gj7gpm3cddk701w0000gn/T/arduino/sketches/F205E9BE506178DF0A087700FD05ECC8/core/variant.cpp.o
 .text._ZN5Print5writeEPKhj
                0x000000000000291c       0x28 /private/var/folders/ys/266z1htd6gj7gpm3cddk701w0000gn/T/arduino/sketches/F205E9BE506178DF0A087700FD05ECC8/../../cores/d8bf4c0a4a6e31655c884155edd82e8b/core.a(Print.cpp.o)
                0x000000000000291c                Print::write(unsigned char const*, unsigned int)
 .text._ZN5Print5writeEPKc.part.2
                0x0000000000002944       0x1a /private/var/folders/ys/266z1htd6gj7gpm3cddk701w0000gn/T/arduino/sketches/F205E9BE506178DF0A087700FD05ECC8/../../cores/d8bf4c0a4a6e31655c884155edd82e8b/core.a(Print.cpp.o)
 .text._ZN5Print5writeEPKc
                0x000000000000295e       0x10 /private/var/folders/ys/266z1htd6gj7gpm3cddk701w0000gn/T/arduino/sketches/F205E9BE506178DF0A087700FD05ECC8/../../cores/d8bf4c0a4a6e31655c884155edd82e8b/core.a(Print.cpp.o)
                0x000000000000295e                Print::write(char const*)
 .text._ZN5Print5printEPKc
                0x000000000000296e        0x8 /private/var/folders/ys/266z1htd6gj7gpm3cddk701w0000gn/T/arduino/sketches/F205E9BE506178DF0A087700FD05ECC8/../../cores/d8bf4c0a4a6e31655c884155edd82e8b/core.a(Print.cpp.o)
                0x000000000000296e                Print::print(char const*)
 .text._ZN5Print5printEc
                0x0000000000002976        0xa /private/var/folders/ys/266z1htd6gj7gpm3cddk701w0000gn/T/arduino/sketches/F205E9BE506178DF0A087700FD05ECC8/../../cores/d8bf4c0a4a6e31655c884155edd82e8b/core.a(Print.cpp.o)
                0x0000000000002976                Print::print(char)
 .text._ZN5Print7printlnEv
                0x0000000000002980       0x10 /private/var/folders/ys/266z1htd6gj7gpm3cddk701w0000gn/T/arduino/sketches/F205E9BE506178DF0A087700FD05ECC8/../../cores/d8bf4c0a4a6e31655c884155edd82e8b/core.a(Print.cpp.o)
                0x0000000000002980                Print::println()
 .text._ZN5Print7printlnEPKc
                0x0000000000002990       0x14 /private/var/folders/ys/266z1htd6gj7gpm3cddk701w0000gn/T/arduino/sketches/F205E9BE506178DF0A087700FD05ECC8/../../cores/d8bf4c0a4a6e31655c884155edd82e8b/core.a(Print.cpp.o)
                0x0000000000002990                Print::println(char const*)
 .text._ZN5Print11printNumberEmh
                0x00000000000029a4       0x48 /private/var/folders/ys/266z1htd6gj7gpm3cddk701w0000gn/T/arduino/sketches/F205E9BE506178DF0A087700FD05ECC8/../../cores/d8bf4c0a4a6e31655c884155edd82e8b/core.a(Print.cpp.o)
                0x00000000000029a4                Print::printNumber(unsigned long, unsigned char)
 .text._ZN5Print5printEli
                0x00000000000029ec       0x3e /private/var/folders/ys/266z1htd6gj7gpm3cddk701w0000gn/T/arduino/sketches/F205E9BE506178DF0A087700FD05ECC8/../../cores/d8bf4c0a4a6e31655c884155edd82e8b/core.a(Print.cpp.o)
                0x00000000000029ec                Print::print(long, int)
 .text._ZN5Print7printlnEii
                0x0000000000002a2a       0x14 /private/var/folders/ys/266z1htd6gj7gpm3cddk701w0000gn/T/arduino/sketches/F205E9BE506178DF0A087700FD05ECC8/../../cores/d8bf4c0a4a6e31655c884155edd82e8b/core.a(Print.cpp.o)
                0x0000000000002a2a                Print::println(int, int)
 .text._ZN5Print5printEmi
                0x0000000000002a3e       0x18 /private/var/folders/ys/266z1htd6gj7gpm3cddk701w0000gn/T/arduino/sketches/F205E9BE506178DF0A087700FD05ECC8/../../cores/d8bf4c0a4a6e31655c884155edd82e8b/core.a(Print.cpp.o)
                0x0000000000002a3e                Print::print(unsigned long, int)
 .text._ZN5Print7printlnEhi
                0x0000000000002a56       0x14 /private/var/folders/ys/266z1htd6gj7gpm3cddk701w0000gn/T/arduino/sketches/F205E9BE506178DF0A087700FD05ECC8/../../cores/d8bf4c0a4a6e31655c884155edd82e8b/core.a(Print.cpp.o)
                0x0000000000002a56                Print::println(unsigned char, int)
 .text.__wrap__write
                0x0000000000002a6a        0x4 /private/var/folders/ys/266z1htd6gj7gpm3cddk701w0000gn/T/arduino/sketches/F205E9BE506178DF0A087700FD05ECC8/../../cores/d8bf4c0a4a6e31655c884155edd82e8b/core.a(Retarget.cpp.o)
                0x0000000000002a6a                __wrap__write
 .text._ZN6SERCOMC2EP6Sercom
                0x0000000000002a6e        0x4 /private/var/folders/ys/266z1htd6gj7gpm3cddk701w0000gn/T/arduino/sketches/F205E9BE506178DF0A087700FD05ECC8/../../cores/d8bf4c0a4a6e31655c884155edd82e8b/core.a(SERCOM.cpp.o)
                0x0000000000002a6e                SERCOM::SERCOM(Sercom*)
                0x0000000000002a6e                SERCOM::SERCOM(Sercom*)
 .text._ZN6SERCOM9initFrameE18SercomUartCharSize15SercomDataOrder16SercomParityMode19SercomNumberStopBit
                0x0000000000002a72       0x3a /private/var/folders/ys/266z1htd6gj7gpm3cddk701w0000gn/T/arduino/sketches/F205E9BE506178DF0A087700FD05ECC8/../../cores/d8bf4c0a4a6e31655c884155edd82e8b/core.a(SERCOM.cpp.o)
                0x0000000000002a72                SERCOM::initFrame(SercomUartCharSize, SercomDataOrder, SercomParityMode, SercomNumberStopBit)
 .text._ZN6SERCOM8initPadsE15SercomUartTXPad11SercomRXPad
                0x0000000000002aac       0x26 /private/var/folders/ys/266z1htd6gj7gpm3cddk701w0000gn/T/arduino/sketches/F205E9BE506178DF0A087700FD05ECC8/../../cores/d8bf4c0a4a6e31655c884155edd82e8b/core.a(SERCOM.cpp.o)
                0x0000000000002aac                SERCOM::initPads(SercomUartTXPad, SercomRXPad)
 .text._ZN6SERCOM9resetUARTEv
                0x0000000000002ad2       0x1a /private/var/folders/ys/266z1htd6gj7gpm3cddk701w0000gn/T/arduino/sketches/F205E9BE506178DF0A087700FD05ECC8/../../cores/d8bf4c0a4a6e31655c884155edd82e8b/core.a(SERCOM.cpp.o)
                0x0000000000002ad2                SERCOM::resetUART()
 .text._ZN6SERCOM10enableUARTEv
                0x0000000000002aec       0x14 /private/var/folders/ys/266z1htd6gj7gpm3cddk701w0000gn/T/arduino/sketches/F205E9BE506178DF0A087700FD05ECC8/../../cores/d8bf4c0a4a6e31655c884155edd82e8b/core.a(SERCOM.cpp.o)
                0x0000000000002aec                SERCOM::enableUART()
 .text._ZN6SERCOM9flushUARTEv
                0x0000000000002b00       0x10 /private/var/folders/ys/266z1htd6gj7gpm3cddk701w0000gn/T/arduino/sketches/F205E9BE506178DF0A087700FD05ECC8/../../cores/d8bf4c0a4a6e31655c884155edd82e8b/core.a(SERCOM.cpp.o)
                0x0000000000002b00                SERCOM::flushUART()
 .text._ZN6SERCOM15clearStatusUARTEv
                0x0000000000002b10        0x8 /private/var/folders/ys/266z1htd6gj7gpm3cddk701w0000gn/T/arduino/sketches/F205E9BE506178DF0A087700FD05ECC8/../../cores/d8bf4c0a4a6e31655c884155edd82e8b/core.a(SERCOM.cpp.o)
                0x0000000000002b10                SERCOM::clearStatusUART()
 .text._ZN6SERCOM17availableDataUARTEv
                0x0000000000002b18        0xa /private/var/folders/ys/266z1htd6gj7gpm3cddk701w0000gn/T/arduino/sketches/F205E9BE506178DF0A087700FD05ECC8/../../cores/d8bf4c0a4a6e31655c884155edd82e8b/core.a(SERCOM.cpp.o)
                0x0000000000002b18                SERCOM::availableDataUART()
 .text._ZN6SERCOM11isUARTErrorEv
                0x0000000000002b22        0x8 /private/var/folders/ys/266z1htd6gj7gpm3cddk701w0000gn/T/arduino/sketches/F205E9BE506178DF0A087700FD05ECC8/../../cores/d8bf4c0a4a6e31655c884155edd82e8b/core.a(SERCOM.cpp.o)
                0x0000000000002b22                SERCOM::isUARTError()
 .text._ZN6SERCOM20acknowledgeUARTErrorEv
                0x0000000000002b2a        0xe /private/var/folders/ys/266z1htd6gj7gpm3cddk701w0000gn/T/arduino/sketches/F205E9BE506178DF0A087700FD05ECC8/../../cores/d8bf4c0a4a6e31655c884155edd82e8b/core.a(SERCOM.cpp.o)
                0x0000000000002b2a                SERCOM::acknowledgeUARTError()
 .text._ZN6SERCOM16isFrameErrorUARTEv
                0x0000000000002b38        0xa /private/var/folders/ys/266z1htd6gj7gpm3cddk701w0000gn/T/arduino/sketches/F205E9BE506178DF0A087700FD05ECC8/../../cores/d8bf4c0a4a6e31655c884155edd82e8b/core.a(SERCOM.cpp.o)
                0x0000000000002b38                SERCOM::isFrameErrorUART()
 .text._ZN6SERCOM19clearFrameErrorUARTEv
                0x0000000000002b42        0xc /private/var/folders/ys/266z1htd6gj7gpm3cddk701w0000gn/T/arduino/sketches/F205E9BE506178DF0A087700FD05ECC8/../../cores/d8bf4c0a4a6e31655c884155edd82e8b/core.a(SERCOM.cpp.o)
                0x0000000000002b42                SERCOM::clearFrameErrorUART()
 .text._ZN6SERCOM23isDataRegisterEmptyUARTEv
                0x0000000000002b4e        0xa /private/var/folders/ys/266z1htd6gj7gpm3cddk701w0000gn/T/arduino/sketches/F205E9BE506178DF0A087700FD05ECC8/../../cores/d8bf4c0a4a6e31655c884155edd82e8b/core.a(SERCOM.cpp.o)
                0x0000000000002b4e                SERCOM::isDataRegisterEmptyUART()
 .text._ZN6SERCOM12readDataUARTEv
                0x0000000000002b58        0x8 /private/var/folders/ys/266z1htd6gj7gpm3cddk701w0000gn/T/arduino/sketches/F205E9BE506178DF0A087700FD05ECC8/../../cores/d8bf4c0a4a6e31655c884155edd82e8b/core.a(SERCOM.cpp.o)
                0x0000000000002b58                SERCOM::readDataUART()
 .text._ZN6SERCOM13writeDataUARTEh
                0x0000000000002b60       0x10 /private/var/folders/ys/266z1htd6gj7gpm3cddk701w0000gn/T/arduino/sketches/F205E9BE506178DF0A087700FD05ECC8/../../cores/d8bf4c0a4a6e31655c884155edd82e8b/core.a(SERCOM.cpp.o)
                0x0000000000002b60                SERCOM::writeDataUART(unsigned char)
 .text._ZN6SERCOM36enableDataRegisterEmptyInterruptUARTEv
                0x0000000000002b70        0x8 /private/var/folders/ys/266z1htd6gj7gpm3cddk701w0000gn/T/arduino/sketches/F205E9BE506178DF0A087700FD05ECC8/../../cores/d8bf4c0a4a6e31655c884155edd82e8b/core.a(SERCOM.cpp.o)
                0x0000000000002b70                SERCOM::enableDataRegisterEmptyInterruptUART()
 .text._ZN6SERCOM37disableDataRegisterEmptyInterruptUARTEv
                0x0000000000002b78        0x8 /private/var/folders/ys/266z1htd6gj7gpm3cddk701w0000gn/T/arduino/sketches/F205E9BE506178DF0A087700FD05ECC8/../../cores/d8bf4c0a4a6e31655c884155edd82e8b/core.a(SERCOM.cpp.o)
                0x0000000000002b78                SERCOM::disableDataRegisterEmptyInterruptUART()
 .text._ZN6SERCOM8resetSPIEv
                0x0000000000002b80       0x1a /private/var/folders/ys/266z1htd6gj7gpm3cddk701w0000gn/T/arduino/sketches/F205E9BE506178DF0A087700FD05ECC8/../../cores/d8bf4c0a4a6e31655c884155edd82e8b/core.a(SERCOM.cpp.o)
                0x0000000000002b80                SERCOM::resetSPI()
 .text._ZN6SERCOM9enableSPIEv
                0x0000000000002b9a       0x14 /private/var/folders/ys/266z1htd6gj7gpm3cddk701w0000gn/T/arduino/sketches/F205E9BE506178DF0A087700FD05ECC8/../../cores/d8bf4c0a4a6e31655c884155edd82e8b/core.a(SERCOM.cpp.o)
                0x0000000000002b9a                SERCOM::enableSPI()
 .text._ZN6SERCOM10disableSPIEv
                0x0000000000002bae       0x12 /private/var/folders/ys/266z1htd6gj7gpm3cddk701w0000gn/T/arduino/sketches/F205E9BE506178DF0A087700FD05ECC8/../../cores/d8bf4c0a4a6e31655c884155edd82e8b/core.a(SERCOM.cpp.o)
                0x0000000000002bae                SERCOM::disableSPI()
 .text._ZN6SERCOM15setDataOrderSPIE15SercomDataOrder
                0x0000000000002bc0       0x28 /private/var/folders/ys/266z1htd6gj7gpm3cddk701w0000gn/T/arduino/sketches/F205E9BE506178DF0A087700FD05ECC8/../../cores/d8bf4c0a4a6e31655c884155edd82e8b/core.a(SERCOM.cpp.o)
                0x0000000000002bc0                SERCOM::setDataOrderSPI(SercomDataOrder)
 .text._ZN6SERCOM15setClockModeSPIE18SercomSpiClockMode
                0x0000000000002be8       0x40 /private/var/folders/ys/266z1htd6gj7gpm3cddk701w0000gn/T/arduino/sketches/F205E9BE506178DF0A087700FD05ECC8/../../cores/d8bf4c0a4a6e31655c884155edd82e8b/core.a(SERCOM.cpp.o)
                0x0000000000002be8                SERCOM::setClockModeSPI(SercomSpiClockMode)
 .text._ZN6SERCOM15transferDataSPIEh
                0x0000000000002c28       0x1a /private/var/folders/ys/266z1htd6gj7gpm3cddk701w0000gn/T/arduino/sketches/F205E9BE506178DF0A087700FD05ECC8/../../cores/d8bf4c0a4a6e31655c884155edd82e8b/core.a(SERCOM.cpp.o)
                0x0000000000002c28                SERCOM::transferDataSPI(unsigned char)
 *fill*         0x0000000000002c42        0x2 
 .text._ZN6SERCOM28calculateBaudrateSynchronousEm
                0x0000000000002c44       0x1c /private/var/folders/ys/266z1htd6gj7gpm3cddk701w0000gn/T/arduino/sketches/F205E9BE506178DF0A087700FD05ECC8/../../cores/d8bf4c0a4a6e31655c884155edd82e8b/core.a(SERCOM.cpp.o)
                0x0000000000002c44                SERCOM::calculateBaudrateSynchronous(unsigned long)
 .text._ZN6SERCOM12initSPIClockE18SercomSpiClockModem
                0x0000000000002c60       0x26 /private/var/folders/ys/266z1htd6gj7gpm3cddk701w0000gn/T/arduino/sketches/F205E9BE506178DF0A087700FD05ECC8/../../cores/d8bf4c0a4a6e31655c884155edd82e8b/core.a(SERCOM.cpp.o)
                0x0000000000002c60                SERCOM::initSPIClock(SercomSpiClockMode, unsigned long)
 *fill*         0x0000000000002c86        0x2 
 .text._ZN6SERCOM14setBaudrateSPIEh
                0x0000000000002c88       0x2c /private/var/folders/ys/266z1htd6gj7gpm3cddk701w0000gn/T/arduino/sketches/F205E9BE506178DF0A087700FD05ECC8/../../cores/d8bf4c0a4a6e31655c884155edd82e8b/core.a(SERCOM.cpp.o)
                0x0000000000002c88                SERCOM::setBaudrateSPI(unsigned char)
 .text._ZN6SERCOM14getSercomIndexEv
                0x0000000000002cb4       0x5c /private/var/folders/ys/266z1htd6gj7gpm3cddk701w0000gn/T/arduino/sketches/F205E9BE506178DF0A087700FD05ECC8/../../cores/d8bf4c0a4a6e31655c884155edd82e8b/core.a(SERCOM.cpp.o)
                0x0000000000002cb4                SERCOM::getSercomIndex()
 .text._ZN6SERCOM13initClockNVICEv
                0x0000000000002d10       0x90 /private/var/folders/ys/266z1htd6gj7gpm3cddk701w0000gn/T/arduino/sketches/F205E9BE506178DF0A087700FD05ECC8/../../cores/d8bf4c0a4a6e31655c884155edd82e8b/core.a(SERCOM.cpp.o)
                0x0000000000002d10                SERCOM::initClockNVIC()
 .text._ZN6SERCOM8initUARTE14SercomUartMode20SercomUartSampleRatem
                0x0000000000002da0       0x6c /private/var/folders/ys/266z1htd6gj7gpm3cddk701w0000gn/T/arduino/sketches/F205E9BE506178DF0A087700FD05ECC8/../../cores/d8bf4c0a4a6e31655c884155edd82e8b/core.a(SERCOM.cpp.o)
                0x0000000000002da0                SERCOM::initUART(SercomUartMode, SercomUartSampleRate, unsigned long)
 .text._ZN6SERCOM7initSPIE14SercomSpiTXPad11SercomRXPad17SercomSpiCharSize15SercomDataOrder
                0x0000000000002e0c       0x52 /private/var/folders/ys/266z1htd6gj7gpm3cddk701w0000gn/T/arduino/sketches/F205E9BE506178DF0A087700FD05ECC8/../../cores/d8bf4c0a4a6e31655c884155edd82e8b/core.a(SERCOM.cpp.o)
                0x0000000000002e0c                SERCOM::initSPI(SercomSpiTXPad, SercomRXPad, SercomSpiCharSize, SercomDataOrder)
 .text._ZN7Serial_17availableForWriteEv
                0x0000000000002e5e        0x4 /private/var/folders/ys/266z1htd6gj7gpm3cddk701w0000gn/T/arduino/sketches/F205E9BE506178DF0A087700FD05ECC8/../../cores/d8bf4c0a4a6e31655c884155edd82e8b/core.a(CDC.cpp.o)
                0x0000000000002e5e                Serial_::availableForWrite()
 .text._ZN7Serial_5writeEh
                0x0000000000002e62       0x14 /private/var/folders/ys/266z1htd6gj7gpm3cddk701w0000gn/T/arduino/sketches/F205E9BE506178DF0A087700FD05ECC8/../../cores/d8bf4c0a4a6e31655c884155edd82e8b/core.a(CDC.cpp.o)
                0x0000000000002e62                Serial_::write(unsigned char)
 *fill*         0x0000000000002e76        0x2 
 .text._ZN7Serial_9availableEv
                0x0000000000002e78       0x1c /private/var/folders/ys/266z1htd6gj7gpm3cddk701w0000gn/T/arduino/sketches/F205E9BE506178DF0A087700FD05ECC8/../../cores/d8bf4c0a4a6e31655c884155edd82e8b/core.a(CDC.cpp.o)
                0x0000000000002e78                Serial_::available()
 .text._ZN7Serial_5flushEv
                0x0000000000002e94        0xc /private/var/folders/ys/266z1htd6gj7gpm3cddk701w0000gn/T/arduino/sketches/F205E9BE506178DF0A087700FD05ECC8/../../cores/d8bf4c0a4a6e31655c884155edd82e8b/core.a(CDC.cpp.o)
                0x0000000000002e94                Serial_::flush()
 .text._ZN7Serial_5clearEv
                0x0000000000002ea0        0xc /private/var/folders/ys/266z1htd6gj7gpm3cddk701w0000gn/T/arduino/sketches/F205E9BE506178DF0A087700FD05ECC8/../../cores/d8bf4c0a4a6e31655c884155edd82e8b/core.a(CDC.cpp.o)
                0x0000000000002ea0                Serial_::clear()
 .text._ZN7Serial_4peekEv
                0x0000000000002eac       0x1c /private/var/folders/ys/266z1htd6gj7gpm3cddk701w0000gn/T/arduino/sketches/F205E9BE506178DF0A087700FD05ECC8/../../cores/d8bf4c0a4a6e31655c884155edd82e8b/core.a(CDC.cpp.o)
                0x0000000000002eac                Serial_::peek()
 .text._ZN7Serial_4readEv
                0x0000000000002ec8       0x24 /private/var/folders/ys/266z1htd6gj7gpm3cddk701w0000gn/T/arduino/sketches/F205E9BE506178DF0A087700FD05ECC8/../../cores/d8bf4c0a4a6e31655c884155edd82e8b/core.a(CDC.cpp.o)
                0x0000000000002ec8                Serial_::read()
 .text._ZN7Serial_5writeEPKhj
                0x0000000000002eec       0x30 /private/var/folders/ys/266z1htd6gj7gpm3cddk701w0000gn/T/arduino/sketches/F205E9BE506178DF0A087700FD05ECC8/../../cores/d8bf4c0a4a6e31655c884155edd82e8b/core.a(CDC.cpp.o)
                0x0000000000002eec                Serial_::write(unsigned char const*, unsigned int)
 .text._Z16CDC_GetInterfacePh
                0x0000000000002f1c       0x1c /private/var/folders/ys/266z1htd6gj7gpm3cddk701w0000gn/T/arduino/sketches/F205E9BE506178DF0A087700FD05ECC8/../../cores/d8bf4c0a4a6e31655c884155edd82e8b/core.a(CDC.cpp.o)
                0x0000000000002f1c                CDC_GetInterface(unsigned char*)
 .text._Z9CDC_SetupR8USBSetup
                0x0000000000002f38       0x7c /private/var/folders/ys/266z1htd6gj7gpm3cddk701w0000gn/T/arduino/sketches/F205E9BE506178DF0A087700FD05ECC8/../../cores/d8bf4c0a4a6e31655c884155edd82e8b/core.a(CDC.cpp.o)
                0x0000000000002f38                CDC_Setup(USBSetup&)
 .text._ZN7Serial_5beginEm
                0x0000000000002fb4        0x6 /private/var/folders/ys/266z1htd6gj7gpm3cddk701w0000gn/T/arduino/sketches/F205E9BE506178DF0A087700FD05ECC8/../../cores/d8bf4c0a4a6e31655c884155edd82e8b/core.a(CDC.cpp.o)
                0x0000000000002fb4                Serial_::begin(unsigned long)
 *fill*         0x0000000000002fba        0x2 
 .text.startup._GLOBAL__sub_I__Z17_CDC_GetInterfacev
                0x0000000000002fbc       0x28 /private/var/folders/ys/266z1htd6gj7gpm3cddk701w0000gn/T/arduino/sketches/F205E9BE506178DF0A087700FD05ECC8/../../cores/d8bf4c0a4a6e31655c884155edd82e8b/core.a(CDC.cpp.o)
 .text._ZN26DoubleBufferedEPOutHandlerD2Ev
                0x0000000000002fe4        0x2 /private/var/folders/ys/266z1htd6gj7gpm3cddk701w0000gn/T/arduino/sketches/F205E9BE506178DF0A087700FD05ECC8/../../cores/d8bf4c0a4a6e31655c884155edd82e8b/core.a(USBCore.cpp.o)
                0x0000000000002fe4                DoubleBufferedEPOutHandler::~DoubleBufferedEPOutHandler()
                0x0000000000002fe4                DoubleBufferedEPOutHandler::~DoubleBufferedEPOutHandler()
 .text._ZN26DoubleBufferedEPOutHandler4initEv
                0x0000000000002fe6        0x2 /private/var/folders/ys/266z1htd6gj7gpm3cddk701w0000gn/T/arduino/sketches/F205E9BE506178DF0A087700FD05ECC8/../../cores/d8bf4c0a4a6e31655c884155edd82e8b/core.a(USBCore.cpp.o)
                0x0000000000002fe6                DoubleBufferedEPOutHandler::init()
 .text._ZL5utox8mPc
                0x0000000000002fe8       0x24 /private/var/folders/ys/266z1htd6gj7gpm3cddk701w0000gn/T/arduino/sketches/F205E9BE506178DF0A087700FD05ECC8/../../cores/d8bf4c0a4a6e31655c884155edd82e8b/core.a(USBCore.cpp.o)
 .text._ZN26DoubleBufferedEPOutHandlerD0Ev
                0x000000000000300c       0x10 /private/var/folders/ys/266z1htd6gj7gpm3cddk701w0000gn/T/arduino/sketches/F205E9BE506178DF0A087700FD05ECC8/../../cores/d8bf4c0a4a6e31655c884155edd82e8b/core.a(USBCore.cpp.o)
                0x000000000000300c                DoubleBufferedEPOutHandler::~DoubleBufferedEPOutHandler()
 .text._ZN14USBDeviceClass6initEPEmm.part.8
                0x000000000000301c       0xe0 /private/var/folders/ys/266z1htd6gj7gpm3cddk701w0000gn/T/arduino/sketches/F205E9BE506178DF0A087700FD05ECC8/../../cores/d8bf4c0a4a6e31655c884155edd82e8b/core.a(USBCore.cpp.o)
 .text._ZN7__GuardC2Ev
                0x00000000000030fc        0xe /private/var/folders/ys/266z1htd6gj7gpm3cddk701w0000gn/T/arduino/sketches/F205E9BE506178DF0A087700FD05ECC8/../../cores/d8bf4c0a4a6e31655c884155edd82e8b/core.a(USBCore.cpp.o)
                0x00000000000030fc                __Guard::__Guard()
                0x00000000000030fc                __Guard::__Guard()
 .text._ZN7__GuardD2Ev
                0x000000000000310a        0xe /private/var/folders/ys/266z1htd6gj7gpm3cddk701w0000gn/T/arduino/sketches/F205E9BE506178DF0A087700FD05ECC8/../../cores/d8bf4c0a4a6e31655c884155edd82e8b/core.a(USBCore.cpp.o)
                0x000000000000310a                __Guard::~__Guard()
                0x000000000000310a                __Guard::~__Guard()
 .text._ZNK26DoubleBufferedEPOutHandler10_availableEv
                0x0000000000003118       0x6a /private/var/folders/ys/266z1htd6gj7gpm3cddk701w0000gn/T/arduino/sketches/F205E9BE506178DF0A087700FD05ECC8/../../cores/d8bf4c0a4a6e31655c884155edd82e8b/core.a(USBCore.cpp.o)
                0x0000000000003118                DoubleBufferedEPOutHandler::_available() const
 *fill*         0x0000000000003182        0x2 
 .text._ZN26DoubleBufferedEPOutHandler7releaseEv
                0x0000000000003184       0x3c /private/var/folders/ys/266z1htd6gj7gpm3cddk701w0000gn/T/arduino/sketches/F205E9BE506178DF0A087700FD05ECC8/../../cores/d8bf4c0a4a6e31655c884155edd82e8b/core.a(USBCore.cpp.o)
                0x0000000000003184                DoubleBufferedEPOutHandler::release()
 .text._ZN26DoubleBufferedEPOutHandler14handleEndpointEv
                0x00000000000031c0       0xdc /private/var/folders/ys/266z1htd6gj7gpm3cddk701w0000gn/T/arduino/sketches/F205E9BE506178DF0A087700FD05ECC8/../../cores/d8bf4c0a4a6e31655c884155edd82e8b/core.a(USBCore.cpp.o)
                0x00000000000031c0                DoubleBufferedEPOutHandler::handleEndpoint()
 .text._ZN26DoubleBufferedEPOutHandler5_recvEv
                0x000000000000329c      0x184 /private/var/folders/ys/266z1htd6gj7gpm3cddk701w0000gn/T/arduino/sketches/F205E9BE506178DF0A087700FD05ECC8/../../cores/d8bf4c0a4a6e31655c884155edd82e8b/core.a(USBCore.cpp.o)
                0x000000000000329c                DoubleBufferedEPOutHandler::_recv()
 .text._ZN26DoubleBufferedEPOutHandler4peekEv
                0x0000000000003420       0x22 /private/var/folders/ys/266z1htd6gj7gpm3cddk701w0000gn/T/arduino/sketches/F205E9BE506178DF0A087700FD05ECC8/../../cores/d8bf4c0a4a6e31655c884155edd82e8b/core.a(USBCore.cpp.o)
                0x0000000000003420                DoubleBufferedEPOutHandler::peek()
 .text._ZN26DoubleBufferedEPOutHandler9availableEv
                0x0000000000003442       0x18 /private/var/folders/ys/266z1htd6gj7gpm3cddk701w0000gn/T/arduino/sketches/F205E9BE506178DF0A087700FD05ECC8/../../cores/d8bf4c0a4a6e31655c884155edd82e8b/core.a(USBCore.cpp.o)
                0x0000000000003442                DoubleBufferedEPOutHandler::available()
 .text._ZN26DoubleBufferedEPOutHandler4recvEPvm
                0x000000000000345a       0x72 /private/var/folders/ys/266z1htd6gj7gpm3cddk701w0000gn/T/arduino/sketches/F205E9BE506178DF0A087700FD05ECC8/../../cores/d8bf4c0a4a6e31655c884155edd82e8b/core.a(USBCore.cpp.o)
                0x000000000000345a                DoubleBufferedEPOutHandler::recv(void*, unsigned long)
 .text._ZN14USBDeviceClass14SendInterfacesEPm
                0x00000000000034cc       0x2c /private/var/folders/ys/266z1htd6gj7gpm3cddk701w0000gn/T/arduino/sketches/F205E9BE506178DF0A087700FD05ECC8/../../cores/d8bf4c0a4a6e31655c884155edd82e8b/core.a(USBCore.cpp.o)
                0x00000000000034cc                USBDeviceClass::SendInterfaces(unsigned long*)
 .text._ZN14USBDeviceClass14handleEndpointEh
                0x00000000000034f8       0x48 /private/var/folders/ys/266z1htd6gj7gpm3cddk701w0000gn/T/arduino/sketches/F205E9BE506178DF0A087700FD05ECC8/../../cores/d8bf4c0a4a6e31655c884155edd82e8b/core.a(USBCore.cpp.o)
                0x00000000000034f8                USBDeviceClass::handleEndpoint(unsigned char)
 .text._ZN14USBDeviceClass4initEv
                0x0000000000003540      0x110 /private/var/folders/ys/266z1htd6gj7gpm3cddk701w0000gn/T/arduino/sketches/F205E9BE506178DF0A087700FD05ECC8/../../cores/d8bf4c0a4a6e31655c884155edd82e8b/core.a(USBCore.cpp.o)
                0x0000000000003540                USBDeviceClass::init()
 .text._ZN14USBDeviceClass6attachEv
                0x0000000000003650       0x34 /private/var/folders/ys/266z1htd6gj7gpm3cddk701w0000gn/T/arduino/sketches/F205E9BE506178DF0A087700FD05ECC8/../../cores/d8bf4c0a4a6e31655c884155edd82e8b/core.a(USBCore.cpp.o)
                0x0000000000003650                USBDeviceClass::attach()
 .text._ZN14USBDeviceClass10setAddressEm
                0x0000000000003684       0x48 /private/var/folders/ys/266z1htd6gj7gpm3cddk701w0000gn/T/arduino/sketches/F205E9BE506178DF0A087700FD05ECC8/../../cores/d8bf4c0a4a6e31655c884155edd82e8b/core.a(USBCore.cpp.o)
                0x0000000000003684                USBDeviceClass::setAddress(unsigned long)
 .text._ZN14USBDeviceClass25handleClassInterfaceSetupER8USBSetup
                0x00000000000036cc       0x44 /private/var/folders/ys/266z1htd6gj7gpm3cddk701w0000gn/T/arduino/sketches/F205E9BE506178DF0A087700FD05ECC8/../../cores/d8bf4c0a4a6e31655c884155edd82e8b/core.a(USBCore.cpp.o)
                0x00000000000036cc                USBDeviceClass::handleClassInterfaceSetup(USBSetup&)
 .text._ZN14USBDeviceClass6initEPEmm
                0x0000000000003710      0x12c /private/var/folders/ys/266z1htd6gj7gpm3cddk701w0000gn/T/arduino/sketches/F205E9BE506178DF0A087700FD05ECC8/../../cores/d8bf4c0a4a6e31655c884155edd82e8b/core.a(USBCore.cpp.o)
                0x0000000000003710                USBDeviceClass::initEP(unsigned long, unsigned long)
 .text._ZN14USBDeviceClass13initEndpointsEv
                0x000000000000383c       0x24 /private/var/folders/ys/266z1htd6gj7gpm3cddk701w0000gn/T/arduino/sketches/F205E9BE506178DF0A087700FD05ECC8/../../cores/d8bf4c0a4a6e31655c884155edd82e8b/core.a(USBCore.cpp.o)
                0x000000000000383c                USBDeviceClass::initEndpoints()
 .text._ZN14USBDeviceClass5clearEm
                0x0000000000003860       0x38 /private/var/folders/ys/266z1htd6gj7gpm3cddk701w0000gn/T/arduino/sketches/F205E9BE506178DF0A087700FD05ECC8/../../cores/d8bf4c0a4a6e31655c884155edd82e8b/core.a(USBCore.cpp.o)
                0x0000000000003860                USBDeviceClass::clear(unsigned long)
 .text._ZN14USBDeviceClass9availableEm
                0x0000000000003898       0x2c /private/var/folders/ys/266z1htd6gj7gpm3cddk701w0000gn/T/arduino/sketches/F205E9BE506178DF0A087700FD05ECC8/../../cores/d8bf4c0a4a6e31655c884155edd82e8b/core.a(USBCore.cpp.o)
                0x0000000000003898                USBDeviceClass::available(unsigned long)
 .text._ZN14USBDeviceClass5flushEm
                0x00000000000038c4       0x2c /private/var/folders/ys/266z1htd6gj7gpm3cddk701w0000gn/T/arduino/sketches/F205E9BE506178DF0A087700FD05ECC8/../../cores/d8bf4c0a4a6e31655c884155edd82e8b/core.a(USBCore.cpp.o)
                0x00000000000038c4                USBDeviceClass::flush(unsigned long)
 .text._ZN14USBDeviceClass14armRecvCtrlOUTEm
                0x00000000000038f0       0x5c /private/var/folders/ys/266z1htd6gj7gpm3cddk701w0000gn/T/arduino/sketches/F205E9BE506178DF0A087700FD05ECC8/../../cores/d8bf4c0a4a6e31655c884155edd82e8b/core.a(USBCore.cpp.o)
                0x00000000000038f0                USBDeviceClass::armRecvCtrlOUT(unsigned long)
 .text._ZN14USBDeviceClass11recvControlEPvm
                0x000000000000394c       0x3c /private/var/folders/ys/266z1htd6gj7gpm3cddk701w0000gn/T/arduino/sketches/F205E9BE506178DF0A087700FD05ECC8/../../cores/d8bf4c0a4a6e31655c884155edd82e8b/core.a(USBCore.cpp.o)
                0x000000000000394c                USBDeviceClass::recvControl(void*, unsigned long)
 .text._ZN14USBDeviceClass7armRecvEm
                0x0000000000003988       0x38 /private/var/folders/ys/266z1htd6gj7gpm3cddk701w0000gn/T/arduino/sketches/F205E9BE506178DF0A087700FD05ECC8/../../cores/d8bf4c0a4a6e31655c884155edd82e8b/core.a(USBCore.cpp.o)
                0x0000000000003988                USBDeviceClass::armRecv(unsigned long)
 .text._ZN14USBDeviceClass4recvEmPvm
                0x00000000000039c0       0xd8 /private/var/folders/ys/266z1htd6gj7gpm3cddk701w0000gn/T/arduino/sketches/F205E9BE506178DF0A087700FD05ECC8/../../cores/d8bf4c0a4a6e31655c884155edd82e8b/core.a(USBCore.cpp.o)
                0x00000000000039c0                USBDeviceClass::recv(unsigned long, void*, unsigned long)
 .text._ZN14USBDeviceClass4recvEm
                0x0000000000003a98       0x1c /private/var/folders/ys/266z1htd6gj7gpm3cddk701w0000gn/T/arduino/sketches/F205E9BE506178DF0A087700FD05ECC8/../../cores/d8bf4c0a4a6e31655c884155edd82e8b/core.a(USBCore.cpp.o)
                0x0000000000003a98                USBDeviceClass::recv(unsigned long)
 .text._ZN14USBDeviceClass4sendEmPKvm
                0x0000000000003ab4      0x110 /private/var/folders/ys/266z1htd6gj7gpm3cddk701w0000gn/T/arduino/sketches/F205E9BE506178DF0A087700FD05ECC8/../../cores/d8bf4c0a4a6e31655c884155edd82e8b/core.a(USBCore.cpp.o)
                0x0000000000003ab4                USBDeviceClass::send(unsigned long, void const*, unsigned long)
 .text._ZN14USBDeviceClass7armSendEmPKvm
                0x0000000000003bc4       0x48 /private/var/folders/ys/266z1htd6gj7gpm3cddk701w0000gn/T/arduino/sketches/F205E9BE506178DF0A087700FD05ECC8/../../cores/d8bf4c0a4a6e31655c884155edd82e8b/core.a(USBCore.cpp.o)
                0x0000000000003bc4                USBDeviceClass::armSend(unsigned long, void const*, unsigned long)
 .text._ZN14USBDeviceClass11sendControlEPKvm
                0x0000000000003c0c       0x54 /private/var/folders/ys/266z1htd6gj7gpm3cddk701w0000gn/T/arduino/sketches/F205E9BE506178DF0A087700FD05ECC8/../../cores/d8bf4c0a4a6e31655c884155edd82e8b/core.a(USBCore.cpp.o)
                0x0000000000003c0c                USBDeviceClass::sendControl(void const*, unsigned long)
 .text._ZN14USBDeviceClass20sendStringDescriptorEPKhh
                0x0000000000003c60       0x68 /private/var/folders/ys/266z1htd6gj7gpm3cddk701w0000gn/T/arduino/sketches/F205E9BE506178DF0A087700FD05ECC8/../../cores/d8bf4c0a4a6e31655c884155edd82e8b/core.a(USBCore.cpp.o)
                0x0000000000003c60                USBDeviceClass::sendStringDescriptor(unsigned char const*, unsigned char)
 .text._ZN14USBDeviceClass17sendConfigurationEm
                0x0000000000003cc8       0x80 /private/var/folders/ys/266z1htd6gj7gpm3cddk701w0000gn/T/arduino/sketches/F205E9BE506178DF0A087700FD05ECC8/../../cores/d8bf4c0a4a6e31655c884155edd82e8b/core.a(USBCore.cpp.o)
                0x0000000000003cc8                USBDeviceClass::sendConfiguration(unsigned long)
 .text._ZN14USBDeviceClass14sendDescriptorER8USBSetup
                0x0000000000003d48       0xf0 /private/var/folders/ys/266z1htd6gj7gpm3cddk701w0000gn/T/arduino/sketches/F205E9BE506178DF0A087700FD05ECC8/../../cores/d8bf4c0a4a6e31655c884155edd82e8b/core.a(USBCore.cpp.o)
                0x0000000000003d48                USBDeviceClass::sendDescriptor(USBSetup&)
 .text._ZN14USBDeviceClass19handleStandardSetupER8USBSetup
                0x0000000000003e38      0x104 /private/var/folders/ys/266z1htd6gj7gpm3cddk701w0000gn/T/arduino/sketches/F205E9BE506178DF0A087700FD05ECC8/../../cores/d8bf4c0a4a6e31655c884155edd82e8b/core.a(USBCore.cpp.o)
                0x0000000000003e38                USBDeviceClass::handleStandardSetup(USBSetup&)
 .text._ZN14USBDeviceClass10ISRHandlerEv
                0x0000000000003f3c      0x140 /private/var/folders/ys/266z1htd6gj7gpm3cddk701w0000gn/T/arduino/sketches/F205E9BE506178DF0A087700FD05ECC8/../../cores/d8bf4c0a4a6e31655c884155edd82e8b/core.a(USBCore.cpp.o)
                0x0000000000003f3c                USBDeviceClass::ISRHandler()
 .text.UDD_Handler
                0x000000000000407c       0x10 /private/var/folders/ys/266z1htd6gj7gpm3cddk701w0000gn/T/arduino/sketches/F205E9BE506178DF0A087700FD05ECC8/../../cores/d8bf4c0a4a6e31655c884155edd82e8b/core.a(USBCore.cpp.o)
                0x000000000000407c                UDD_Handler
 .text.startup._GLOBAL__sub_I_usbd
                0x000000000000408c       0x10 /private/var/folders/ys/266z1htd6gj7gpm3cddk701w0000gn/T/arduino/sketches/F205E9BE506178DF0A087700FD05ECC8/../../cores/d8bf4c0a4a6e31655c884155edd82e8b/core.a(USBCore.cpp.o)
 .text._ZN4UartcvbEv
                0x000000000000409c        0x4 /private/var/folders/ys/266z1htd6gj7gpm3cddk701w0000gn/T/arduino/sketches/F205E9BE506178DF0A087700FD05ECC8/../../cores/d8bf4c0a4a6e31655c884155edd82e8b/core.a(Uart.cpp.o)
                0x000000000000409c                Uart::operator bool()
 .text._ZN4Uart5beginEm
                0x00000000000040a0       0x10 /private/var/folders/ys/266z1htd6gj7gpm3cddk701w0000gn/T/arduino/sketches/F205E9BE506178DF0A087700FD05ECC8/../../cores/d8bf4c0a4a6e31655c884155edd82e8b/core.a(Uart.cpp.o)
                0x00000000000040a0                Uart::begin(unsigned long)
 .text._ZN4Uart4peekEv
                0x00000000000040b0       0x1a /private/var/folders/ys/266z1htd6gj7gpm3cddk701w0000gn/T/arduino/sketches/F205E9BE506178DF0A087700FD05ECC8/../../cores/d8bf4c0a4a6e31655c884155edd82e8b/core.a(Uart.cpp.o)
                0x00000000000040b0                Uart::peek()
 .text._ZN4Uart3endEv
                0x00000000000040ca       0x20 /private/var/folders/ys/266z1htd6gj7gpm3cddk701w0000gn/T/arduino/sketches/F205E9BE506178DF0A087700FD05ECC8/../../cores/d8bf4c0a4a6e31655c884155edd82e8b/core.a(Uart.cpp.o)
                0x00000000000040ca                Uart::end()
 .text._ZN4Uart16extractNbStopBitEt
                0x00000000000040ea        0xc /private/var/folders/ys/266z1htd6gj7gpm3cddk701w0000gn/T/arduino/sketches/F205E9BE506178DF0A087700FD05ECC8/../../cores/d8bf4c0a4a6e31655c884155edd82e8b/core.a(Uart.cpp.o)
                0x00000000000040ea                Uart::extractNbStopBit(unsigned short)
 .text._ZN4Uart15extractCharSizeEt
                0x00000000000040f6       0x28 /private/var/folders/ys/266z1htd6gj7gpm3cddk701w0000gn/T/arduino/sketches/F205E9BE506178DF0A087700FD05ECC8/../../cores/d8bf4c0a4a6e31655c884155edd82e8b/core.a(Uart.cpp.o)
                0x00000000000040f6                Uart::extractCharSize(unsigned short)
 .text._ZN4Uart13extractParityEt
                0x000000000000411e       0x14 /private/var/folders/ys/266z1htd6gj7gpm3cddk701w0000gn/T/arduino/sketches/F205E9BE506178DF0A087700FD05ECC8/../../cores/d8bf4c0a4a6e31655c884155edd82e8b/core.a(Uart.cpp.o)
                0x000000000000411e                Uart::extractParity(unsigned short)
 *fill*         0x0000000000004132        0x2 
 .text._ZN4Uart5beginEmt
                0x0000000000004134       0xf8 /private/var/folders/ys/266z1htd6gj7gpm3cddk701w0000gn/T/arduino/sketches/F205E9BE506178DF0A087700FD05ECC8/../../cores/d8bf4c0a4a6e31655c884155edd82e8b/core.a(Uart.cpp.o)
                0x0000000000004134                Uart::begin(unsigned long, unsigned short)
 .text._ZN11RingBufferNILi256EEC2Ev
                0x000000000000422c       0x1c /private/var/folders/ys/266z1htd6gj7gpm3cddk701w0000gn/T/arduino/sketches/F205E9BE506178DF0A087700FD05ECC8/../../cores/d8bf4c0a4a6e31655c884155edd82e8b/core.a(Uart.cpp.o)
                0x000000000000422c                RingBufferN<256>::RingBufferN()
                0x000000000000422c                RingBufferN<256>::RingBufferN()
 .text._ZN4UartC2EP6SERCOMhh11SercomRXPad15SercomUartTXPad
                0x0000000000004248       0x74 /private/var/folders/ys/266z1htd6gj7gpm3cddk701w0000gn/T/arduino/sketches/F205E9BE506178DF0A087700FD05ECC8/../../cores/d8bf4c0a4a6e31655c884155edd82e8b/core.a(Uart.cpp.o)
                0x0000000000004248                Uart::Uart(SERCOM*, unsigned char, unsigned char, SercomRXPad, SercomUartTXPad)
                0x0000000000004248                Uart::Uart(SERCOM*, unsigned char, unsigned char, SercomRXPad, SercomUartTXPad)
 .text._ZN11RingBufferNILi256EE17availableForStoreEv
                0x00000000000042bc       0x20 /private/var/folders/ys/266z1htd6gj7gpm3cddk701w0000gn/T/arduino/sketches/F205E9BE506178DF0A087700FD05ECC8/../../cores/d8bf4c0a4a6e31655c884155edd82e8b/core.a(Uart.cpp.o)
                0x00000000000042bc                RingBufferN<256>::availableForStore()
 .text._ZN4Uart17availableForWriteEv
                0x00000000000042dc        0xc /private/var/folders/ys/266z1htd6gj7gpm3cddk701w0000gn/T/arduino/sketches/F205E9BE506178DF0A087700FD05ECC8/../../cores/d8bf4c0a4a6e31655c884155edd82e8b/core.a(Uart.cpp.o)
                0x00000000000042dc                Uart::availableForWrite()
 .text._ZN4Uart4readEv
                0x00000000000042e8       0x4c /private/var/folders/ys/266z1htd6gj7gpm3cddk701w0000gn/T/arduino/sketches/F205E9BE506178DF0A087700FD05ECC8/../../cores/d8bf4c0a4a6e31655c884155edd82e8b/core.a(Uart.cpp.o)
                0x00000000000042e8                Uart::read()
 .text._ZN11RingBufferNILi256EE9availableEv
                0x0000000000004334       0x12 /private/var/folders/ys/266z1htd6gj7gpm3cddk701w0000gn/T/arduino/sketches/F205E9BE506178DF0A087700FD05ECC8/../../cores/d8bf4c0a4a6e31655c884155edd82e8b/core.a(Uart.cpp.o)
                0x0000000000004334                RingBufferN<256>::available()
 .text._ZN4Uart5flushEv
                0x0000000000004346       0x1a /private/var/folders/ys/266z1htd6gj7gpm3cddk701w0000gn/T/arduino/sketches/F205E9BE506178DF0A087700FD05ECC8/../../cores/d8bf4c0a4a6e31655c884155edd82e8b/core.a(Uart.cpp.o)
                0x0000000000004346                Uart::flush()
 .text._ZN4Uart9availableEv
                0x0000000000004360        0xa /private/var/folders/ys/266z1htd6gj7gpm3cddk701w0000gn/T/arduino/sketches/F205E9BE506178DF0A087700FD05ECC8/../../cores/d8bf4c0a4a6e31655c884155edd82e8b/core.a(Uart.cpp.o)
                0x0000000000004360                Uart::available()
 .text._ZN4Uart10IrqHandlerEv
                0x000000000000436a       0xcc /private/var/folders/ys/266z1htd6gj7gpm3cddk701w0000gn/T/arduino/sketches/F205E9BE506178DF0A087700FD05ECC8/../../cores/d8bf4c0a4a6e31655c884155edd82e8b/core.a(Uart.cpp.o)
                0x000000000000436a                Uart::IrqHandler()
 *fill*         0x0000000000004436        0x2 
 .text._ZN4Uart5writeEh
                0x0000000000004438       0xb4 /private/var/folders/ys/266z1htd6gj7gpm3cddk701w0000gn/T/arduino/sketches/F205E9BE506178DF0A087700FD05ECC8/../../cores/d8bf4c0a4a6e31655c884155edd82e8b/core.a(Uart.cpp.o)
                0x0000000000004438                Uart::write(unsigned char)
 .text.Dummy_Handler
                0x00000000000044ec        0x2 /private/var/folders/ys/266z1htd6gj7gpm3cddk701w0000gn/T/arduino/sketches/F205E9BE506178DF0A087700FD05ECC8/../../cores/d8bf4c0a4a6e31655c884155edd82e8b/core.a(cortex_handlers.c.o)
                0x00000000000044ec                SYSCTRL_Handler
                0x00000000000044ec                AC_Handler
                0x00000000000044ec                PendSV_Handler
                0x00000000000044ec                NMI_Handler
                0x00000000000044ec                TC7_Handler
                0x00000000000044ec                SERCOM1_Handler
                0x00000000000044ec                ADC_Handler
                0x00000000000044ec                TCC1_Handler
                0x00000000000044ec                SERCOM2_Handler
                0x00000000000044ec                TCC0_Handler
                0x00000000000044ec                RTC_Handler
                0x00000000000044ec                EIC_Handler
                0x00000000000044ec                TC6_Handler
                0x00000000000044ec                WDT_Handler
                0x00000000000044ec                TC4_Handler
                0x00000000000044ec                TC3_Handler
                0x00000000000044ec                Dummy_Handler
                0x00000000000044ec                PM_Handler
                0x00000000000044ec                SERCOM5_Handler
                0x00000000000044ec                SVC_Handler
                0x00000000000044ec                TCC2_Handler
                0x00000000000044ec                EVSYS_Handler
                0x00000000000044ec                SERCOM3_Handler
                0x00000000000044ec                I2S_Handler
                0x00000000000044ec                NVMCTRL_Handler
                0x00000000000044ec                SERCOM0_Handler
                0x00000000000044ec                DAC_Handler
                0x00000000000044ec                PTC_Handler
                0x00000000000044ec                HardFault_Handler
 *fill*         0x00000000000044ee        0x2 
 .text.USB_Handler
                0x00000000000044f0       0x14 /private/var/folders/ys/266z1htd6gj7gpm3cddk701w0000gn/T/arduino/sketches/F205E9BE506178DF0A087700FD05ECC8/../../cores/d8bf4c0a4a6e31655c884155edd82e8b/core.a(cortex_handlers.c.o)
                0x00000000000044f0                USB_Handler
 .text.Reset_Handler
                0x0000000000004504       0x54 /private/var/folders/ys/266z1htd6gj7gpm3cddk701w0000gn/T/arduino/sketches/F205E9BE506178DF0A087700FD05ECC8/../../cores/d8bf4c0a4a6e31655c884155edd82e8b/core.a(cortex_handlers.c.o)
                0x0000000000004504                Reset_Handler
 .text.SysTick_Handler
                0x0000000000004558       0x10 /private/var/folders/ys/266z1htd6gj7gpm3cddk701w0000gn/T/arduino/sketches/F205E9BE506178DF0A087700FD05ECC8/../../cores/d8bf4c0a4a6e31655c884155edd82e8b/core.a(cortex_handlers.c.o)
                0x0000000000004558                SysTick_Handler
 .text.USB_SetHandler
                0x0000000000004568        0xc /private/var/folders/ys/266z1htd6gj7gpm3cddk701w0000gn/T/arduino/sketches/F205E9BE506178DF0A087700FD05ECC8/../../cores/d8bf4c0a4a6e31655c884155edd82e8b/core.a(cortex_handlers.c.o)
                0x0000000000004568                USB_SetHandler
 .text.micros   0x0000000000004574       0x60 /private/var/folders/ys/266z1htd6gj7gpm3cddk701w0000gn/T/arduino/sketches/F205E9BE506178DF0A087700FD05ECC8/../../cores/d8bf4c0a4a6e31655c884155edd82e8b/core.a(delay.c.o)
                0x0000000000004574                micros
 .text._real_delay
                0x00000000000045d4       0x30 /private/var/folders/ys/266z1htd6gj7gpm3cddk701w0000gn/T/arduino/sketches/F205E9BE506178DF0A087700FD05ECC8/../../cores/d8bf4c0a4a6e31655c884155edd82e8b/core.a(delay.c.o)
                0x00000000000045d4                delay
                0x00000000000045d4                _real_delay
 .text.SysTick_DefaultHandler
                0x0000000000004604       0x14 /private/var/folders/ys/266z1htd6gj7gpm3cddk701w0000gn/T/arduino/sketches/F205E9BE506178DF0A087700FD05ECC8/../../cores/d8bf4c0a4a6e31655c884155edd82e8b/core.a(delay.c.o)
                0x0000000000004604                SysTick_DefaultHandler
 .text.__empty  0x0000000000004618        0x2 /private/var/folders/ys/266z1htd6gj7gpm3cddk701w0000gn/T/arduino/sketches/F205E9BE506178DF0A087700FD05ECC8/../../cores/d8bf4c0a4a6e31655c884155edd82e8b/core.a(hooks.c.o)
                0x0000000000004618                yield
 .text.__false  0x000000000000461a        0x4 /private/var/folders/ys/266z1htd6gj7gpm3cddk701w0000gn/T/arduino/sketches/F205E9BE506178DF0A087700FD05ECC8/../../cores/d8bf4c0a4a6e31655c884155edd82e8b/core.a(hooks.c.o)
                0x000000000000461a                sysTickHook
 .text._Z11initVariantv
                0x000000000000461e        0x2 /private/var/folders/ys/266z1htd6gj7gpm3cddk701w0000gn/T/arduino/sketches/F205E9BE506178DF0A087700FD05ECC8/../../cores/d8bf4c0a4a6e31655c884155edd82e8b/core.a(main.cpp.o)
                0x000000000000461e                initVariant()
 .text._Z10_real_bodyv
                0x0000000000004620       0x20 /private/var/folders/ys/266z1htd6gj7gpm3cddk701w0000gn/T/arduino/sketches/F205E9BE506178DF0A087700FD05ECC8/../../cores/d8bf4c0a4a6e31655c884155edd82e8b/core.a(main.cpp.o)
                0x0000000000004620                _real_body()
 .text._Z10_wrap_bodyv
                0x0000000000004640        0x6 /private/var/folders/ys/266z1htd6gj7gpm3cddk701w0000gn/T/arduino/sketches/F205E9BE506178DF0A087700FD05ECC8/../../cores/d8bf4c0a4a6e31655c884155edd82e8b/core.a(main.cpp.o)
                0x0000000000004640                _wrap_body()
 *fill*         0x0000000000004646        0x2 
 .text.startup.main
                0x0000000000004648       0x30 /private/var/folders/ys/266z1htd6gj7gpm3cddk701w0000gn/T/arduino/sketches/F205E9BE506178DF0A087700FD05ECC8/../../cores/d8bf4c0a4a6e31655c884155edd82e8b/core.a(main.cpp.o)
                0x0000000000004648                main
 .text._Znwj    0x0000000000004678        0x8 /private/var/folders/ys/266z1htd6gj7gpm3cddk701w0000gn/T/arduino/sketches/F205E9BE506178DF0A087700FD05ECC8/../../cores/d8bf4c0a4a6e31655c884155edd82e8b/core.a(new.cpp.o)
                0x0000000000004678                operator new(unsigned int)
 .text._ZdlPv   0x0000000000004680        0x8 /private/var/folders/ys/266z1htd6gj7gpm3cddk701w0000gn/T/arduino/sketches/F205E9BE506178DF0A087700FD05ECC8/../../cores/d8bf4c0a4a6e31655c884155edd82e8b/core.a(new.cpp.o)
                0x0000000000004680                operator delete(void*)
 .text._sbrk    0x0000000000004688       0x3c /private/var/folders/ys/266z1htd6gj7gpm3cddk701w0000gn/T/arduino/sketches/F205E9BE506178DF0A087700FD05ECC8/../../cores/d8bf4c0a4a6e31655c884155edd82e8b/core.a(new.cpp.o)
                0x0000000000004688                _sbrk
 .text.SystemInit
                0x00000000000046c4      0x160 /private/var/folders/ys/266z1htd6gj7gpm3cddk701w0000gn/T/arduino/sketches/F205E9BE506178DF0A087700FD05ECC8/../../cores/d8bf4c0a4a6e31655c884155edd82e8b/core.a(startup.c.o)
                0x00000000000046c4                SystemInit
 .text.init     0x0000000000004824       0xe0 /private/var/folders/ys/266z1htd6gj7gpm3cddk701w0000gn/T/arduino/sketches/F205E9BE506178DF0A087700FD05ECC8/../../cores/d8bf4c0a4a6e31655c884155edd82e8b/core.a(wiring.c.o)
                0x0000000000004824                init
 .text.analogReference
                0x0000000000004904       0x88 /private/var/folders/ys/266z1htd6gj7gpm3cddk701w0000gn/T/arduino/sketches/F205E9BE506178DF0A087700FD05ECC8/../../cores/d8bf4c0a4a6e31655c884155edd82e8b/core.a(wiring_analog.c.o)
                0x0000000000004904                analogReference
 .text.pinMode  0x000000000000498c       0x60 /private/var/folders/ys/266z1htd6gj7gpm3cddk701w0000gn/T/arduino/sketches/F205E9BE506178DF0A087700FD05ECC8/../../cores/d8bf4c0a4a6e31655c884155edd82e8b/core.a(wiring_digital.c.o)
                0x000000000000498c                pinMode
 .text.digitalWrite
                0x00000000000049ec       0x58 /private/var/folders/ys/266z1htd6gj7gpm3cddk701w0000gn/T/arduino/sketches/F205E9BE506178DF0A087700FD05ECC8/../../cores/d8bf4c0a4a6e31655c884155edd82e8b/core.a(wiring_digital.c.o)
                0x00000000000049ec                digitalWrite
 .text.pinPeripheral
                0x0000000000004a44       0xc4 /private/var/folders/ys/266z1htd6gj7gpm3cddk701w0000gn/T/arduino/sketches/F205E9BE506178DF0A087700FD05ECC8/../../cores/d8bf4c0a4a6e31655c884155edd82e8b/core.a(wiring_private.c.o)
                0x0000000000004a44                pinPeripheral
 .text.initiateReset
                0x0000000000004b08        0xc /private/var/folders/ys/266z1htd6gj7gpm3cddk701w0000gn/T/arduino/sketches/F205E9BE506178DF0A087700FD05ECC8/../../cores/d8bf4c0a4a6e31655c884155edd82e8b/core.a(Reset.cpp.o)
                0x0000000000004b08                initiateReset
 .text.cancelReset
                0x0000000000004b14       0x10 /private/var/folders/ys/266z1htd6gj7gpm3cddk701w0000gn/T/arduino/sketches/F205E9BE506178DF0A087700FD05ECC8/../../cores/d8bf4c0a4a6e31655c884155edd82e8b/core.a(Reset.cpp.o)
                0x0000000000004b14                cancelReset
 .text.tickReset
                0x0000000000004b24       0x78 /private/var/folders/ys/266z1htd6gj7gpm3cddk701w0000gn/T/arduino/sketches/F205E9BE506178DF0A087700FD05ECC8/../../cores/d8bf4c0a4a6e31655c884155edd82e8b/core.a(Reset.cpp.o)
                0x0000000000004b24                tickReset
 .text._ZN13PluggableUSB_12getInterfaceEPh
                0x0000000000004b9c       0x28 /private/var/folders/ys/266z1htd6gj7gpm3cddk701w0000gn/T/arduino/sketches/F205E9BE506178DF0A087700FD05ECC8/../../cores/d8bf4c0a4a6e31655c884155edd82e8b/core.a(PluggableUSB.cpp.o)
                0x0000000000004b9c                PluggableUSB_::getInterface(unsigned char*)
 .text._ZN13PluggableUSB_13getDescriptorER8USBSetup
                0x0000000000004bc4       0x20 /private/var/folders/ys/266z1htd6gj7gpm3cddk701w0000gn/T/arduino/sketches/F205E9BE506178DF0A087700FD05ECC8/../../cores/d8bf4c0a4a6e31655c884155edd82e8b/core.a(PluggableUSB.cpp.o)
                0x0000000000004bc4                PluggableUSB_::getDescriptor(USBSetup&)
 .text._ZN13PluggableUSB_5setupER8USBSetup
                0x0000000000004be4       0x20 /private/var/folders/ys/266z1htd6gj7gpm3cddk701w0000gn/T/arduino/sketches/F205E9BE506178DF0A087700FD05ECC8/../../cores/d8bf4c0a4a6e31655c884155edd82e8b/core.a(PluggableUSB.cpp.o)
                0x0000000000004be4                PluggableUSB_::setup(USBSetup&)
 .text._ZN13PluggableUSB_14handleEndpointEi
                0x0000000000004c04       0x20 /private/var/folders/ys/266z1htd6gj7gpm3cddk701w0000gn/T/arduino/sketches/F205E9BE506178DF0A087700FD05ECC8/../../cores/d8bf4c0a4a6e31655c884155edd82e8b/core.a(PluggableUSB.cpp.o)
                0x0000000000004c04                PluggableUSB_::handleEndpoint(int)
 .text._Z12PluggableUSBv
                0x0000000000004c24       0x24 /private/var/folders/ys/266z1htd6gj7gpm3cddk701w0000gn/T/arduino/sketches/F205E9BE506178DF0A087700FD05ECC8/../../cores/d8bf4c0a4a6e31655c884155edd82e8b/core.a(PluggableUSB.cpp.o)
                0x0000000000004c24                PluggableUSB()
 .text._ZN20USBDevice_SAMD21G18x5resetEv
                0x0000000000004c48       0x2e /private/var/folders/ys/266z1htd6gj7gpm3cddk701w0000gn/T/arduino/sketches/F205E9BE506178DF0A087700FD05ECC8/../../cores/d8bf4c0a4a6e31655c884155edd82e8b/core.a(SAMD21_USBDevice.cpp.o)
                0x0000000000004c48                USBDevice_SAMD21G18x::reset()
 *fill*         0x0000000000004c76        0x2 
 .text._ZN20USBDevice_SAMD21G18x9calibrateEv
                0x0000000000004c78       0x60 /private/var/folders/ys/266z1htd6gj7gpm3cddk701w0000gn/T/arduino/sketches/F205E9BE506178DF0A087700FD05ECC8/../../cores/d8bf4c0a4a6e31655c884155edd82e8b/core.a(SAMD21_USBDevice.cpp.o)
                0x0000000000004c78                USBDevice_SAMD21G18x::calibrate()
 .text._ZdlPvj  0x0000000000004cd8        0x8 /Users/christopher/Library/Arduino15/packages/Seeeduino/tools/arm-none-eabi-gcc/7-2017q4/bin/../lib/gcc/arm-none-eabi/7.2.1/../../../../arm-none-eabi/lib/thumb/v6-m/libstdc++_nano.a(del_ops.o)
                0x0000000000004cd8                operator delete(void*, unsigned int)
 .text          0x0000000000004ce0       0x14 /Users/christopher/Library/Arduino15/packages/Seeeduino/tools/arm-none-eabi-gcc/7-2017q4/bin/../lib/gcc/arm-none-eabi/7.2.1/thumb/v6-m/libgcc.a(_thumb1_case_uqi.o)
                0x0000000000004ce0                __gnu_thumb1_case_uqi
 .text          0x0000000000004cf4      0x114 /Users/christopher/Library/Arduino15/packages/Seeeduino/tools/arm-none-eabi-gcc/7-2017q4/bin/../lib/gcc/arm-none-eabi/7.2.1/thumb/v6-m/libgcc.a(_udivsi3.o)
                0x0000000000004cf4                __udivsi3
                0x0000000000004cf4                __aeabi_uidiv
                0x0000000000004e00                __aeabi_uidivmod
 .text          0x0000000000004e08      0x1d4 /Users/christopher/Library/Arduino15/packages/Seeeduino/tools/arm-none-eabi-gcc/7-2017q4/bin/../lib/gcc/arm-none-eabi/7.2.1/thumb/v6-m/libgcc.a(_divsi3.o)
                0x0000000000004e08                __aeabi_idiv
                0x0000000000004e08                __divsi3
                0x0000000000004fd4                __aeabi_idivmod
 .text          0x0000000000004fdc        0x4 /Users/christopher/Library/Arduino15/packages/Seeeduino/tools/arm-none-eabi-gcc/7-2017q4/bin/../lib/gcc/arm-none-eabi/7.2.1/thumb/v6-m/libgcc.a(_dvmd_tls.o)
                0x0000000000004fdc                __aeabi_ldiv0
                0x0000000000004fdc                __aeabi_idiv0
 .text          0x0000000000004fe0       0x7c /Users/christopher/Library/Arduino15/packages/Seeeduino/tools/arm-none-eabi-gcc/7-2017q4/bin/../lib/gcc/arm-none-eabi/7.2.1/thumb/v6-m/libgcc.a(_arm_cmpdf2.o)
                0x0000000000004fe0                __aeabi_cdrcmple
                0x0000000000004ff0                __aeabi_cdcmple
                0x0000000000004ff0                __aeabi_cdcmpeq
                0x0000000000005000                __aeabi_dcmpeq
                0x000000000000500c                __aeabi_dcmplt
                0x0000000000005020                __aeabi_dcmple
                0x0000000000005034                __aeabi_dcmpgt
                0x0000000000005048                __aeabi_dcmpge
 .text          0x000000000000505c       0x3c /Users/christopher/Library/Arduino15/packages/Seeeduino/tools/arm-none-eabi-gcc/7-2017q4/bin/../lib/gcc/arm-none-eabi/7.2.1/thumb/v6-m/libgcc.a(_fixunsdfsi.o)
                0x000000000000505c                __fixunsdfsi
                0x000000000000505c                __aeabi_d2uiz
 .text          0x0000000000005098      0x638 /Users/christopher/Library/Arduino15/packages/Seeeduino/tools/arm-none-eabi-gcc/7-2017q4/bin/../lib/gcc/arm-none-eabi/7.2.1/thumb/v6-m/libgcc.a(adddf3.o)
                0x0000000000005098                __aeabi_dadd
 .text          0x00000000000056d0      0x604 /Users/christopher/Library/Arduino15/packages/Seeeduino/tools/arm-none-eabi-gcc/7-2017q4/bin/../lib/gcc/arm-none-eabi/7.2.1/thumb/v6-m/libgcc.a(divdf3.o)
                0x00000000000056d0                __aeabi_ddiv
 .text          0x0000000000005cd4       0x78 /Users/christopher/Library/Arduino15/packages/Seeeduino/tools/arm-none-eabi-gcc/7-2017q4/bin/../lib/gcc/arm-none-eabi/7.2.1/thumb/v6-m/libgcc.a(eqdf2.o)
                0x0000000000005cd4                __eqdf2
                0x0000000000005cd4                __nedf2
 .text          0x0000000000005d4c       0xc8 /Users/christopher/Library/Arduino15/packages/Seeeduino/tools/arm-none-eabi-gcc/7-2017q4/bin/../lib/gcc/arm-none-eabi/7.2.1/thumb/v6-m/libgcc.a(gedf2.o)
                0x0000000000005d4c                __gtdf2
                0x0000000000005d4c                __gedf2
 .text          0x0000000000005e14       0xd0 /Users/christopher/Library/Arduino15/packages/Seeeduino/tools/arm-none-eabi-gcc/7-2017q4/bin/../lib/gcc/arm-none-eabi/7.2.1/thumb/v6-m/libgcc.a(ledf2.o)
                0x0000000000005e14                __ltdf2
                0x0000000000005e14                __ledf2
 .text          0x0000000000005ee4      0x4e4 /Users/christopher/Library/Arduino15/packages/Seeeduino/tools/arm-none-eabi-gcc/7-2017q4/bin/../lib/gcc/arm-none-eabi/7.2.1/thumb/v6-m/libgcc.a(muldf3.o)
                0x0000000000005ee4                __aeabi_dmul
 .text          0x00000000000063c8      0x690 /Users/christopher/Library/Arduino15/packages/Seeeduino/tools/arm-none-eabi-gcc/7-2017q4/bin/../lib/gcc/arm-none-eabi/7.2.1/thumb/v6-m/libgcc.a(subdf3.o)
                0x00000000000063c8                __aeabi_dsub
 .text          0x0000000000006a58       0x38 /Users/christopher/Library/Arduino15/packages/Seeeduino/tools/arm-none-eabi-gcc/7-2017q4/bin/../lib/gcc/arm-none-eabi/7.2.1/thumb/v6-m/libgcc.a(unorddf2.o)
                0x0000000000006a58                __aeabi_dcmpun
 .text          0x0000000000006a90       0x6c /Users/christopher/Library/Arduino15/packages/Seeeduino/tools/arm-none-eabi-gcc/7-2017q4/bin/../lib/gcc/arm-none-eabi/7.2.1/thumb/v6-m/libgcc.a(fixdfsi.o)
                0x0000000000006a90                __aeabi_d2iz
 .text          0x0000000000006afc       0x64 /Users/christopher/Library/Arduino15/packages/Seeeduino/tools/arm-none-eabi-gcc/7-2017q4/bin/../lib/gcc/arm-none-eabi/7.2.1/thumb/v6-m/libgcc.a(floatunsidf.o)
                0x0000000000006afc                __aeabi_ui2d
 .text          0x0000000000006b60       0x3c /Users/christopher/Library/Arduino15/packages/Seeeduino/tools/arm-none-eabi-gcc/7-2017q4/bin/../lib/gcc/arm-none-eabi/7.2.1/thumb/v6-m/libgcc.a(_clzsi2.o)
                0x0000000000006b60                __clzsi2
 .text.__assert_func
                0x0000000000006b9c       0x3c /Users/christopher/Library/Arduino15/packages/Seeeduino/tools/arm-none-eabi-gcc/7-2017q4/bin/../lib/gcc/arm-none-eabi/7.2.1/../../../../arm-none-eabi/lib/thumb/v6-m/libc_nano.a(lib_a-assert.o)
                0x0000000000006b9c                __assert_func
 .text.fprintf  0x0000000000006bd8       0x20 /Users/christopher/Library/Arduino15/packages/Seeeduino/tools/arm-none-eabi-gcc/7-2017q4/bin/../lib/gcc/arm-none-eabi/7.2.1/../../../../arm-none-eabi/lib/thumb/v6-m/libc_nano.a(lib_a-fprintf.o)
                0x0000000000006bd8                fprintf
                0x0000000000006bd8                fiprintf
 .text.__libc_init_array
                0x0000000000006bf8       0x48 /Users/christopher/Library/Arduino15/packages/Seeeduino/tools/arm-none-eabi-gcc/7-2017q4/bin/../lib/gcc/arm-none-eabi/7.2.1/../../../../arm-none-eabi/lib/thumb/v6-m/libc_nano.a(lib_a-init.o)
                0x0000000000006bf8                __libc_init_array
 .text.malloc   0x0000000000006c40       0x14 /Users/christopher/Library/Arduino15/packages/Seeeduino/tools/arm-none-eabi-gcc/7-2017q4/bin/../lib/gcc/arm-none-eabi/7.2.1/../../../../arm-none-eabi/lib/thumb/v6-m/libc_nano.a(lib_a-malloc.o)
                0x0000000000006c40                malloc
 .text.free     0x0000000000006c54       0x14 /Users/christopher/Library/Arduino15/packages/Seeeduino/tools/arm-none-eabi-gcc/7-2017q4/bin/../lib/gcc/arm-none-eabi/7.2.1/../../../../arm-none-eabi/lib/thumb/v6-m/libc_nano.a(lib_a-malloc.o)
                0x0000000000006c54                free
 .text.memcpy   0x0000000000006c68       0x12 /Users/christopher/Library/Arduino15/packages/Seeeduino/tools/arm-none-eabi-gcc/7-2017q4/bin/../lib/gcc/arm-none-eabi/7.2.1/../../../../arm-none-eabi/lib/thumb/v6-m/libc_nano.a(lib_a-memcpy-stub.o)
                0x0000000000006c68                memcpy
 .text.memset   0x0000000000006c7a       0x10 /Users/christopher/Library/Arduino15/packages/Seeeduino/tools/arm-none-eabi-gcc/7-2017q4/bin/../lib/gcc/arm-none-eabi/7.2.1/../../../../arm-none-eabi/lib/thumb/v6-m/libc_nano.a(lib_a-memset.o)
                0x0000000000006c7a                memset
 *fill*         0x0000000000006c8a        0x2 
 .text._free_r  0x0000000000006c8c       0x94 /Users/christopher/Library/Arduino15/packages/Seeeduino/tools/arm-none-eabi-gcc/7-2017q4/bin/../lib/gcc/arm-none-eabi/7.2.1/../../../../arm-none-eabi/lib/thumb/v6-m/libc_nano.a(lib_a-nano-freer.o)
                0x0000000000006c8c                _free_r
 .text._malloc_r
                0x0000000000006d20       0xbc /Users/christopher/Library/Arduino15/packages/Seeeduino/tools/arm-none-eabi-gcc/7-2017q4/bin/../lib/gcc/arm-none-eabi/7.2.1/../../../../arm-none-eabi/lib/thumb/v6-m/libc_nano.a(lib_a-nano-mallocr.o)
                0x0000000000006d20                _malloc_r
 .text.__sfputc_r
                0x0000000000006ddc       0x2a /Users/christopher/Library/Arduino15/packages/Seeeduino/tools/arm-none-eabi-gcc/7-2017q4/bin/../lib/gcc/arm-none-eabi/7.2.1/../../../../arm-none-eabi/lib/thumb/v6-m/libc_nano.a(lib_a-nano-vfprintf.o)
 .text.__sfputs_r
                0x0000000000006e06       0x24 /Users/christopher/Library/Arduino15/packages/Seeeduino/tools/arm-none-eabi-gcc/7-2017q4/bin/../lib/gcc/arm-none-eabi/7.2.1/../../../../arm-none-eabi/lib/thumb/v6-m/libc_nano.a(lib_a-nano-vfprintf.o)
                0x0000000000006e06                __sfputs_r
 *fill*         0x0000000000006e2a        0x2 
 .text._vfprintf_r
                0x0000000000006e2c      0x22c /Users/christopher/Library/Arduino15/packages/Seeeduino/tools/arm-none-eabi-gcc/7-2017q4/bin/../lib/gcc/arm-none-eabi/7.2.1/../../../../arm-none-eabi/lib/thumb/v6-m/libc_nano.a(lib_a-nano-vfprintf.o)
                0x0000000000006e2c                _vfiprintf_r
                0x0000000000006e2c                _vfprintf_r
 .text.__cvt    0x0000000000007058       0xc8 /Users/christopher/Library/Arduino15/packages/Seeeduino/tools/arm-none-eabi-gcc/7-2017q4/bin/../lib/gcc/arm-none-eabi/7.2.1/../../../../arm-none-eabi/lib/thumb/v6-m/libc_nano.a(lib_a-nano-vfprintf_float.o)
                0x0000000000007058                __cvt
 .text.__exponent
                0x0000000000007120       0x70 /Users/christopher/Library/Arduino15/packages/Seeeduino/tools/arm-none-eabi-gcc/7-2017q4/bin/../lib/gcc/arm-none-eabi/7.2.1/../../../../arm-none-eabi/lib/thumb/v6-m/libc_nano.a(lib_a-nano-vfprintf_float.o)
                0x0000000000007120                __exponent
 .text._printf_float
                0x0000000000007190      0x498 /Users/christopher/Library/Arduino15/packages/Seeeduino/tools/arm-none-eabi-gcc/7-2017q4/bin/../lib/gcc/arm-none-eabi/7.2.1/../../../../arm-none-eabi/lib/thumb/v6-m/libc_nano.a(lib_a-nano-vfprintf_float.o)
                0x0000000000007190                _printf_float
 .text._printf_common
                0x0000000000007628       0xda /Users/christopher/Library/Arduino15/packages/Seeeduino/tools/arm-none-eabi-gcc/7-2017q4/bin/../lib/gcc/arm-none-eabi/7.2.1/../../../../arm-none-eabi/lib/thumb/v6-m/libc_nano.a(lib_a-nano-vfprintf_i.o)
                0x0000000000007628                _printf_common
 *fill*         0x0000000000007702        0x2 
 .text._printf_i
                0x0000000000007704      0x210 /Users/christopher/Library/Arduino15/packages/Seeeduino/tools/arm-none-eabi-gcc/7-2017q4/bin/../lib/gcc/arm-none-eabi/7.2.1/../../../../arm-none-eabi/lib/thumb/v6-m/libc_nano.a(lib_a-nano-vfprintf_i.o)
                0x0000000000007704                _printf_i
 .text._scanf_float
                0x0000000000007914      0x3fc /Users/christopher/Library/Arduino15/packages/Seeeduino/tools/arm-none-eabi-gcc/7-2017q4/bin/../lib/gcc/arm-none-eabi/7.2.1/../../../../arm-none-eabi/lib/thumb/v6-m/libc_nano.a(lib_a-nano-vfscanf_float.o)
                0x0000000000007914                _scanf_float
 .text._sbrk_r  0x0000000000007d10       0x24 /Users/christopher/Library/Arduino15/packages/Seeeduino/tools/arm-none-eabi-gcc/7-2017q4/bin/../lib/gcc/arm-none-eabi/7.2.1/../../../../arm-none-eabi/lib/thumb/v6-m/libc_nano.a(lib_a-sbrkr.o)
                0x0000000000007d10                _sbrk_r
 .text.nanf     0x0000000000007d34        0x8 /Users/christopher/Library/Arduino15/packages/Seeeduino/tools/arm-none-eabi-gcc/7-2017q4/bin/../lib/gcc/arm-none-eabi/7.2.1/../../../../arm-none-eabi/lib/thumb/v6-m/libc_nano.a(lib_a-sf_nan.o)
                0x0000000000007d34                nanf
 .text.sprintf  0x0000000000007d3c       0x40 /Users/christopher/Library/Arduino15/packages/Seeeduino/tools/arm-none-eabi-gcc/7-2017q4/bin/../lib/gcc/arm-none-eabi/7.2.1/../../../../arm-none-eabi/lib/thumb/v6-m/libc_nano.a(lib_a-sprintf.o)
                0x0000000000007d3c                sprintf
                0x0000000000007d3c                siprintf
 .text          0x0000000000007d7c        0xe /Users/christopher/Library/Arduino15/packages/Seeeduino/tools/arm-none-eabi-gcc/7-2017q4/bin/../lib/gcc/arm-none-eabi/7.2.1/../../../../arm-none-eabi/lib/thumb/v6-m/libc_nano.a(lib_a-strlen.o)
                0x0000000000007d7c                strlen
 *fill*         0x0000000000007d8a        0x2 
 .text.unlikely.sulp
                0x0000000000007d8c       0x30 /Users/christopher/Library/Arduino15/packages/Seeeduino/tools/arm-none-eabi-gcc/7-2017q4/bin/../lib/gcc/arm-none-eabi/7.2.1/../../../../arm-none-eabi/lib/thumb/v6-m/libc_nano.a(lib_a-strtod.o)
 .text._strtod_l
                0x0000000000007dbc      0xc50 /Users/christopher/Library/Arduino15/packages/Seeeduino/tools/arm-none-eabi-gcc/7-2017q4/bin/../lib/gcc/arm-none-eabi/7.2.1/../../../../arm-none-eabi/lib/thumb/v6-m/libc_nano.a(lib_a-strtod.o)
                0x0000000000007dbc                _strtod_l
 .text._strtod_r
                0x0000000000008a0c       0x1c /Users/christopher/Library/Arduino15/packages/Seeeduino/tools/arm-none-eabi-gcc/7-2017q4/bin/../lib/gcc/arm-none-eabi/7.2.1/../../../../arm-none-eabi/lib/thumb/v6-m/libc_nano.a(lib_a-strtod.o)
                0x0000000000008a0c                _strtod_r
 .text._strtol_l.isra.0
                0x0000000000008a28      0x104 /Users/christopher/Library/Arduino15/packages/Seeeduino/tools/arm-none-eabi-gcc/7-2017q4/bin/../lib/gcc/arm-none-eabi/7.2.1/../../../../arm-none-eabi/lib/thumb/v6-m/libc_nano.a(lib_a-strtol.o)
 .text._strtol_r
                0x0000000000008b2c       0x20 /Users/christopher/Library/Arduino15/packages/Seeeduino/tools/arm-none-eabi-gcc/7-2017q4/bin/../lib/gcc/arm-none-eabi/7.2.1/../../../../arm-none-eabi/lib/thumb/v6-m/libc_nano.a(lib_a-strtol.o)
                0x0000000000008b2c                _strtol_r
 .text.__swbuf_r
                0x0000000000008b4c       0xac /Users/christopher/Library/Arduino15/packages/Seeeduino/tools/arm-none-eabi-gcc/7-2017q4/bin/../lib/gcc/arm-none-eabi/7.2.1/../../../../arm-none-eabi/lib/thumb/v6-m/libc_nano.a(lib_a-wbuf.o)
                0x0000000000008b4c                __swbuf_r
 .text.__swsetup_r
                0x0000000000008bf8       0xec /Users/christopher/Library/Arduino15/packages/Seeeduino/tools/arm-none-eabi-gcc/7-2017q4/bin/../lib/gcc/arm-none-eabi/7.2.1/../../../../arm-none-eabi/lib/thumb/v6-m/libc_nano.a(lib_a-wsetup.o)
                0x0000000000008bf8                __swsetup_r
 .text.abort    0x0000000000008ce4        0xe /Users/christopher/Library/Arduino15/packages/Seeeduino/tools/arm-none-eabi-gcc/7-2017q4/bin/../lib/gcc/arm-none-eabi/7.2.1/../../../../arm-none-eabi/lib/thumb/v6-m/libc_nano.a(lib_a-abort.o)
                0x0000000000008ce4                abort
 .text.quorem   0x0000000000008cf2      0x10c /Users/christopher/Library/Arduino15/packages/Seeeduino/tools/arm-none-eabi-gcc/7-2017q4/bin/../lib/gcc/arm-none-eabi/7.2.1/../../../../arm-none-eabi/lib/thumb/v6-m/libc_nano.a(lib_a-dtoa.o)
 *fill*         0x0000000000008dfe        0x2 
 .text._dtoa_r  0x0000000000008e00      0xbc0 /Users/christopher/Library/Arduino15/packages/Seeeduino/tools/arm-none-eabi-gcc/7-2017q4/bin/../lib/gcc/arm-none-eabi/7.2.1/../../../../arm-none-eabi/lib/thumb/v6-m/libc_nano.a(lib_a-dtoa.o)
                0x0000000000008e00                _dtoa_r
 .text.__sflush_r
                0x00000000000099c0      0x114 /Users/christopher/Library/Arduino15/packages/Seeeduino/tools/arm-none-eabi-gcc/7-2017q4/bin/../lib/gcc/arm-none-eabi/7.2.1/../../../../arm-none-eabi/lib/thumb/v6-m/libc_nano.a(lib_a-fflush.o)
                0x00000000000099c0                __sflush_r
 .text._fflush_r
                0x0000000000009ad4       0x58 /Users/christopher/Library/Arduino15/packages/Seeeduino/tools/arm-none-eabi-gcc/7-2017q4/bin/../lib/gcc/arm-none-eabi/7.2.1/../../../../arm-none-eabi/lib/thumb/v6-m/libc_nano.a(lib_a-fflush.o)
                0x0000000000009ad4                _fflush_r
 .text.std      0x0000000000009b2c       0x48 /Users/christopher/Library/Arduino15/packages/Seeeduino/tools/arm-none-eabi-gcc/7-2017q4/bin/../lib/gcc/arm-none-eabi/7.2.1/../../../../arm-none-eabi/lib/thumb/v6-m/libc_nano.a(lib_a-findfp.o)
 .text._cleanup_r
                0x0000000000009b74       0x10 /Users/christopher/Library/Arduino15/packages/Seeeduino/tools/arm-none-eabi-gcc/7-2017q4/bin/../lib/gcc/arm-none-eabi/7.2.1/../../../../arm-none-eabi/lib/thumb/v6-m/libc_nano.a(lib_a-findfp.o)
                0x0000000000009b74                _cleanup_r
 .text.__sfmoreglue
                0x0000000000009b84       0x2c /Users/christopher/Library/Arduino15/packages/Seeeduino/tools/arm-none-eabi-gcc/7-2017q4/bin/../lib/gcc/arm-none-eabi/7.2.1/../../../../arm-none-eabi/lib/thumb/v6-m/libc_nano.a(lib_a-findfp.o)
                0x0000000000009b84                __sfmoreglue
 .text.__sinit  0x0000000000009bb0       0x68 /Users/christopher/Library/Arduino15/packages/Seeeduino/tools/arm-none-eabi-gcc/7-2017q4/bin/../lib/gcc/arm-none-eabi/7.2.1/../../../../arm-none-eabi/lib/thumb/v6-m/libc_nano.a(lib_a-findfp.o)
                0x0000000000009bb0                __sinit
 .text.__sfp    0x0000000000009c18       0x7c /Users/christopher/Library/Arduino15/packages/Seeeduino/tools/arm-none-eabi-gcc/7-2017q4/bin/../lib/gcc/arm-none-eabi/7.2.1/../../../../arm-none-eabi/lib/thumb/v6-m/libc_nano.a(lib_a-findfp.o)
                0x0000000000009c18                __sfp
 .text._fwalk_reent
                0x0000000000009c94       0x42 /Users/christopher/Library/Arduino15/packages/Seeeduino/tools/arm-none-eabi-gcc/7-2017q4/bin/../lib/gcc/arm-none-eabi/7.2.1/../../../../arm-none-eabi/lib/thumb/v6-m/libc_nano.a(lib_a-fwalk.o)
                0x0000000000009c94                _fwalk_reent
 .text.rshift   0x0000000000009cd6       0x68 /Users/christopher/Library/Arduino15/packages/Seeeduino/tools/arm-none-eabi-gcc/7-2017q4/bin/../lib/gcc/arm-none-eabi/7.2.1/../../../../arm-none-eabi/lib/thumb/v6-m/libc_nano.a(lib_a-gdtoa-gethex.o)
 .text.__hexdig_fun
                0x0000000000009d3e       0x2a /Users/christopher/Library/Arduino15/packages/Seeeduino/tools/arm-none-eabi-gcc/7-2017q4/bin/../lib/gcc/arm-none-eabi/7.2.1/../../../../arm-none-eabi/lib/thumb/v6-m/libc_nano.a(lib_a-gdtoa-gethex.o)
                0x0000000000009d3e                __hexdig_fun
 .text.__gethex
                0x0000000000009d68      0x456 /Users/christopher/Library/Arduino15/packages/Seeeduino/tools/arm-none-eabi-gcc/7-2017q4/bin/../lib/gcc/arm-none-eabi/7.2.1/../../../../arm-none-eabi/lib/thumb/v6-m/libc_nano.a(lib_a-gdtoa-gethex.o)
                0x0000000000009d68                __gethex
 .text.L_shift  0x000000000000a1be       0x24 /Users/christopher/Library/Arduino15/packages/Seeeduino/tools/arm-none-eabi-gcc/7-2017q4/bin/../lib/gcc/arm-none-eabi/7.2.1/../../../../arm-none-eabi/lib/thumb/v6-m/libc_nano.a(lib_a-gdtoa-hexnan.o)
 .text.__match  0x000000000000a1e2       0x28 /Users/christopher/Library/Arduino15/packages/Seeeduino/tools/arm-none-eabi-gcc/7-2017q4/bin/../lib/gcc/arm-none-eabi/7.2.1/../../../../arm-none-eabi/lib/thumb/v6-m/libc_nano.a(lib_a-gdtoa-hexnan.o)
                0x000000000000a1e2                __match
 .text.__hexnan
                0x000000000000a20a      0x12e /Users/christopher/Library/Arduino15/packages/Seeeduino/tools/arm-none-eabi-gcc/7-2017q4/bin/../lib/gcc/arm-none-eabi/7.2.1/../../../../arm-none-eabi/lib/thumb/v6-m/libc_nano.a(lib_a-gdtoa-hexnan.o)
                0x000000000000a20a                __hexnan
 .text.__locale_ctype_ptr_l
                0x000000000000a338        0x6 /Users/christopher/Library/Arduino15/packages/Seeeduino/tools/arm-none-eabi-gcc/7-2017q4/bin/../lib/gcc/arm-none-eabi/7.2.1/../../../../arm-none-eabi/lib/thumb/v6-m/libc_nano.a(lib_a-locale.o)
                0x000000000000a338                __locale_ctype_ptr_l
 .text.__localeconv_l
                0x000000000000a33e        0x4 /Users/christopher/Library/Arduino15/packages/Seeeduino/tools/arm-none-eabi-gcc/7-2017q4/bin/../lib/gcc/arm-none-eabi/7.2.1/../../../../arm-none-eabi/lib/thumb/v6-m/libc_nano.a(lib_a-localeconv.o)
                0x000000000000a33e                __localeconv_l
 *fill*         0x000000000000a342        0x2 
 .text._localeconv_r
                0x000000000000a344       0x18 /Users/christopher/Library/Arduino15/packages/Seeeduino/tools/arm-none-eabi-gcc/7-2017q4/bin/../lib/gcc/arm-none-eabi/7.2.1/../../../../arm-none-eabi/lib/thumb/v6-m/libc_nano.a(lib_a-localeconv.o)
                0x000000000000a344                _localeconv_r
 .text.__swhatbuf_r
                0x000000000000a35c       0x50 /Users/christopher/Library/Arduino15/packages/Seeeduino/tools/arm-none-eabi-gcc/7-2017q4/bin/../lib/gcc/arm-none-eabi/7.2.1/../../../../arm-none-eabi/lib/thumb/v6-m/libc_nano.a(lib_a-makebuf.o)
                0x000000000000a35c                __swhatbuf_r
 .text.__smakebuf_r
                0x000000000000a3ac       0x88 /Users/christopher/Library/Arduino15/packages/Seeeduino/tools/arm-none-eabi-gcc/7-2017q4/bin/../lib/gcc/arm-none-eabi/7.2.1/../../../../arm-none-eabi/lib/thumb/v6-m/libc_nano.a(lib_a-makebuf.o)
                0x000000000000a3ac                __smakebuf_r
 .text.__ascii_mbtowc
                0x000000000000a434       0x24 /Users/christopher/Library/Arduino15/packages/Seeeduino/tools/arm-none-eabi-gcc/7-2017q4/bin/../lib/gcc/arm-none-eabi/7.2.1/../../../../arm-none-eabi/lib/thumb/v6-m/libc_nano.a(lib_a-mbtowc_r.o)
                0x000000000000a434                __ascii_mbtowc
 .text.memchr   0x000000000000a458       0x16 /Users/christopher/Library/Arduino15/packages/Seeeduino/tools/arm-none-eabi-gcc/7-2017q4/bin/../lib/gcc/arm-none-eabi/7.2.1/../../../../arm-none-eabi/lib/thumb/v6-m/libc_nano.a(lib_a-memchr-stub.o)
                0x000000000000a458                memchr
 .text.memmove  0x000000000000a46e       0x26 /Users/christopher/Library/Arduino15/packages/Seeeduino/tools/arm-none-eabi-gcc/7-2017q4/bin/../lib/gcc/arm-none-eabi/7.2.1/../../../../arm-none-eabi/lib/thumb/v6-m/libc_nano.a(lib_a-memmove.o)
                0x000000000000a46e                memmove
 .text.__malloc_lock
                0x000000000000a494        0x2 /Users/christopher/Library/Arduino15/packages/Seeeduino/tools/arm-none-eabi-gcc/7-2017q4/bin/../lib/gcc/arm-none-eabi/7.2.1/../../../../arm-none-eabi/lib/thumb/v6-m/libc_nano.a(lib_a-mlock.o)
                0x000000000000a494                __malloc_lock
 .text.__malloc_unlock
                0x000000000000a496        0x2 /Users/christopher/Library/Arduino15/packages/Seeeduino/tools/arm-none-eabi-gcc/7-2017q4/bin/../lib/gcc/arm-none-eabi/7.2.1/../../../../arm-none-eabi/lib/thumb/v6-m/libc_nano.a(lib_a-mlock.o)
                0x000000000000a496                __malloc_unlock
 .text._Balloc  0x000000000000a498       0x70 /Users/christopher/Library/Arduino15/packages/Seeeduino/tools/arm-none-eabi-gcc/7-2017q4/bin/../lib/gcc/arm-none-eabi/7.2.1/../../../../arm-none-eabi/lib/thumb/v6-m/libc_nano.a(lib_a-mprec.o)
                0x000000000000a498                _Balloc
 .text._Bfree   0x000000000000a508       0x32 /Users/christopher/Library/Arduino15/packages/Seeeduino/tools/arm-none-eabi-gcc/7-2017q4/bin/../lib/gcc/arm-none-eabi/7.2.1/../../../../arm-none-eabi/lib/thumb/v6-m/libc_nano.a(lib_a-mprec.o)
                0x000000000000a508                _Bfree
 .text.__multadd
                0x000000000000a53a       0x7c /Users/christopher/Library/Arduino15/packages/Seeeduino/tools/arm-none-eabi-gcc/7-2017q4/bin/../lib/gcc/arm-none-eabi/7.2.1/../../../../arm-none-eabi/lib/thumb/v6-m/libc_nano.a(lib_a-mprec.o)
                0x000000000000a53a                __multadd
 .text.__s2b    0x000000000000a5b6       0x7c /Users/christopher/Library/Arduino15/packages/Seeeduino/tools/arm-none-eabi-gcc/7-2017q4/bin/../lib/gcc/arm-none-eabi/7.2.1/../../../../arm-none-eabi/lib/thumb/v6-m/libc_nano.a(lib_a-mprec.o)
                0x000000000000a5b6                __s2b
 .text.__hi0bits
                0x000000000000a632       0x34 /Users/christopher/Library/Arduino15/packages/Seeeduino/tools/arm-none-eabi-gcc/7-2017q4/bin/../lib/gcc/arm-none-eabi/7.2.1/../../../../arm-none-eabi/lib/thumb/v6-m/libc_nano.a(lib_a-mprec.o)
                0x000000000000a632                __hi0bits
 .text.__lo0bits
                0x000000000000a666       0x5e /Users/christopher/Library/Arduino15/packages/Seeeduino/tools/arm-none-eabi-gcc/7-2017q4/bin/../lib/gcc/arm-none-eabi/7.2.1/../../../../arm-none-eabi/lib/thumb/v6-m/libc_nano.a(lib_a-mprec.o)
                0x000000000000a666                __lo0bits
 .text.__i2b    0x000000000000a6c4       0x12 /Users/christopher/Library/Arduino15/packages/Seeeduino/tools/arm-none-eabi-gcc/7-2017q4/bin/../lib/gcc/arm-none-eabi/7.2.1/../../../../arm-none-eabi/lib/thumb/v6-m/libc_nano.a(lib_a-mprec.o)
                0x000000000000a6c4                __i2b
 .text.__multiply
                0x000000000000a6d6      0x11e /Users/christopher/Library/Arduino15/packages/Seeeduino/tools/arm-none-eabi-gcc/7-2017q4/bin/../lib/gcc/arm-none-eabi/7.2.1/../../../../arm-none-eabi/lib/thumb/v6-m/libc_nano.a(lib_a-mprec.o)
                0x000000000000a6d6                __multiply
 .text.__pow5mult
                0x000000000000a7f4       0xa4 /Users/christopher/Library/Arduino15/packages/Seeeduino/tools/arm-none-eabi-gcc/7-2017q4/bin/../lib/gcc/arm-none-eabi/7.2.1/../../../../arm-none-eabi/lib/thumb/v6-m/libc_nano.a(lib_a-mprec.o)
                0x000000000000a7f4                __pow5mult
 .text.__lshift
                0x000000000000a898       0xa4 /Users/christopher/Library/Arduino15/packages/Seeeduino/tools/arm-none-eabi-gcc/7-2017q4/bin/../lib/gcc/arm-none-eabi/7.2.1/../../../../arm-none-eabi/lib/thumb/v6-m/libc_nano.a(lib_a-mprec.o)
                0x000000000000a898                __lshift
 .text.__mcmp   0x000000000000a93c       0x34 /Users/christopher/Library/Arduino15/packages/Seeeduino/tools/arm-none-eabi-gcc/7-2017q4/bin/../lib/gcc/arm-none-eabi/7.2.1/../../../../arm-none-eabi/lib/thumb/v6-m/libc_nano.a(lib_a-mprec.o)
                0x000000000000a93c                __mcmp
 .text.__mdiff  0x000000000000a970       0xc8 /Users/christopher/Library/Arduino15/packages/Seeeduino/tools/arm-none-eabi-gcc/7-2017q4/bin/../lib/gcc/arm-none-eabi/7.2.1/../../../../arm-none-eabi/lib/thumb/v6-m/libc_nano.a(lib_a-mprec.o)
                0x000000000000a970                __mdiff
 .text.__ulp    0x000000000000aa38       0x4c /Users/christopher/Library/Arduino15/packages/Seeeduino/tools/arm-none-eabi-gcc/7-2017q4/bin/../lib/gcc/arm-none-eabi/7.2.1/../../../../arm-none-eabi/lib/thumb/v6-m/libc_nano.a(lib_a-mprec.o)
                0x000000000000aa38                __ulp
 .text.__b2d    0x000000000000aa84       0x98 /Users/christopher/Library/Arduino15/packages/Seeeduino/tools/arm-none-eabi-gcc/7-2017q4/bin/../lib/gcc/arm-none-eabi/7.2.1/../../../../arm-none-eabi/lib/thumb/v6-m/libc_nano.a(lib_a-mprec.o)
                0x000000000000aa84                __b2d
 .text.__d2b    0x000000000000ab1c       0xa8 /Users/christopher/Library/Arduino15/packages/Seeeduino/tools/arm-none-eabi-gcc/7-2017q4/bin/../lib/gcc/arm-none-eabi/7.2.1/../../../../arm-none-eabi/lib/thumb/v6-m/libc_nano.a(lib_a-mprec.o)
                0x000000000000ab1c                __d2b
 .text.__ratio  0x000000000000abc4       0x4e /Users/christopher/Library/Arduino15/packages/Seeeduino/tools/arm-none-eabi-gcc/7-2017q4/bin/../lib/gcc/arm-none-eabi/7.2.1/../../../../arm-none-eabi/lib/thumb/v6-m/libc_nano.a(lib_a-mprec.o)
                0x000000000000abc4                __ratio
 .text.__copybits
                0x000000000000ac12       0x2c /Users/christopher/Library/Arduino15/packages/Seeeduino/tools/arm-none-eabi-gcc/7-2017q4/bin/../lib/gcc/arm-none-eabi/7.2.1/../../../../arm-none-eabi/lib/thumb/v6-m/libc_nano.a(lib_a-mprec.o)
                0x000000000000ac12                __copybits
 .text.__any_on
                0x000000000000ac3e       0x44 /Users/christopher/Library/Arduino15/packages/Seeeduino/tools/arm-none-eabi-gcc/7-2017q4/bin/../lib/gcc/arm-none-eabi/7.2.1/../../../../arm-none-eabi/lib/thumb/v6-m/libc_nano.a(lib_a-mprec.o)
                0x000000000000ac3e                __any_on
 .text._calloc_r